
> skillstream@0.1.0 build
> next build

Γû▓ Next.js 16.1.1 (Turbopack)

  Creating an optimized production build ...
Γ£ô Compiled successfully in 4.1s
  Running TypeScript ...
node.exe : Failed to compile.
At line:1 char:1
+ & "C:\Program Files\nodejs/node.exe" "C:\Program 
Files\nodejs/node_mo ...
+ ~~~~~~~~~~~~~~~~~~~~~~~~~~~~~~~~~~~~~~~~~~~~~~~~~
~~~~~~~~~~~~~~~~~~~~
    + CategoryInfo          : NotSpecified: (Faile 
   d to compile.:String) [], RemoteException
    + FullyQualifiedErrorId : NativeCommandError
 

./src/app/(main)/courses/live/[slug]/page.tsx:315:7
3
Type error: Type '"danger"' is not assignable to 
type 'OverridableStringUnion<"inherit" | "primary" 
| "secondary" | "success" | "error" | "info" | 
"warning", ButtonPropsColorOverrides> | undefined'.

[0m [90m 313 |[39m                              
               
[33m<[39m[33m/[39m[33mdiv[39m[33m>[39m
 [90m 314 |[39m
[31m[1m>[22m[39m[90m 315 |[39m               
                              
[33m<[39m[33mButton[39m fullWidth 
size[33m=[39m[32m"lg"[39m 
color[33m=[39m[32m"danger"[39m 
className[33m=[39m[32m"font-semibold 
shadow-lg"[39m[33m>[39m
 [90m     |[39m                                  
                                       
[31m[1m^[22m[39m
 [90m 316 |[39m                                  
               [33mEnroll[39m [33mNow[39m
 [90m 317 |[39m                                  
           
[33m<[39m[33m/[39m[33mButton[39m[33m>[39m
 [90m 318 |[39m[0m
Next.js build worker exited with code: 1 and 
signal: null
