## Error Type
Console Error

## Error Message
MUI: The `value` provided to the Tabs component is invalid.
None of the Tabs' children match with "overview".
You can provide one of the following values: .$overview, .$schedule, .$instructor, .$reviews.


    at createConsoleError (file://C:/Users/Ahmad Raza/Desktop/skillstream/.next/dev/static/chunks/node_modules_next_dist_f3530cac._.js:2199:71)
    at handleConsoleError (file://C:/Users/Ahmad Raza/Desktop/skillstream/.next/dev/static/chunks/node_modules_next_dist_f3530cac._.js:2980:54)
    at console.error (file://C:/Users/Ahmad Raza/Desktop/skillstream/.next/dev/static/chunks/node_modules_next_dist_f3530cac._.js:3124:57)
    at getTabsMeta (file://C:/Users/Ahmad Raza/Desktop/skillstream/.next/dev/static/chunks/node_modules_%40mui_material_esm_67532532._.js:7385:33)
    at Tabs.Tabs.useEventCallback[updateIndicatorState] (file://C:/Users/Ahmad Raza/Desktop/skillstream/.next/dev/static/chunks/node_modules_%40mui_material_esm_67532532._.js:7414:43)
    at useEventCallback.useRef (file://C:/Users/Ahmad Raza/Desktop/skillstream/.next/dev/static/chunks/node_modules_4d692093._.js:1691:29)
    at Tabs.Tabs.useEffect (file://C:/Users/Ahmad Raza/Desktop/skillstream/.next/dev/static/chunks/node_modules_%40mui_material_esm_67532532._.js:7691:13)
    at Object.react_stack_bottom_frame (file://C:/Users/Ahmad Raza/Desktop/skillstream/.next/dev/static/chunks/node_modules_next_dist_compiled_react-dom_1e674e59._.js:14876:22)
    at runWithFiberInDEV (file://C:/Users/Ahmad Raza/Desktop/skillstream/.next/dev/static/chunks/node_modules_next_dist_compiled_react-dom_1e674e59._.js:965:74)
    at commitHookEffectListMount (file://C:/Users/Ahmad Raza/Desktop/skillstream/.next/dev/static/chunks/node_modules_next_dist_compiled_react-dom_1e674e59._.js:7266:167)
    at commitHookPassiveMountEffects (file://C:/Users/Ahmad Raza/Desktop/skillstream/.next/dev/static/chunks/node_modules_next_dist_compiled_react-dom_1e674e59._.js:7301:60)
    at commitPassiveMountOnFiber (file://C:/Users/Ahmad Raza/Desktop/skillstream/.next/dev/static/chunks/node_modules_next_dist_compiled_react-dom_1e674e59._.js:8696:33)
    at recursivelyTraversePassiveMountEffects (file://C:/Users/Ahmad Raza/Desktop/skillstream/.next/dev/static/chunks/node_modules_next_dist_compiled_react-dom_1e674e59._.js:8683:316)
    at commitPassiveMountOnFiber (file://C:/Users/Ahmad Raza/Desktop/skillstream/.next/dev/static/chunks/node_modules_next_dist_compiled_react-dom_1e674e59._.js:8757:17)
    at recursivelyTraversePassiveMountEffects (file://C:/Users/Ahmad Raza/Desktop/skillstream/.next/dev/static/chunks/node_modules_next_dist_compiled_react-dom_1e674e59._.js:8683:316)
    at commitPassiveMountOnFiber (file://C:/Users/Ahmad Raza/Desktop/skillstream/.next/dev/static/chunks/node_modules_next_dist_compiled_react-dom_1e674e59._.js:8695:17)
    at recursivelyTraversePassiveMountEffects (file://C:/Users/Ahmad Raza/Desktop/skillstream/.next/dev/static/chunks/node_modules_next_dist_compiled_react-dom_1e674e59._.js:8683:316)
    at commitPassiveMountOnFiber (file://C:/Users/Ahmad Raza/Desktop/skillstream/.next/dev/static/chunks/node_modules_next_dist_compiled_react-dom_1e674e59._.js:8695:17)
    at recursivelyTraversePassiveMountEffects (file://C:/Users/Ahmad Raza/Desktop/skillstream/.next/dev/static/chunks/node_modules_next_dist_compiled_react-dom_1e674e59._.js:8683:316)
    at commitPassiveMountOnFiber (file://C:/Users/Ahmad Raza/Desktop/skillstream/.next/dev/static/chunks/node_modules_next_dist_compiled_react-dom_1e674e59._.js:8695:17)
    at recursivelyTraversePassiveMountEffects (file://C:/Users/Ahmad Raza/Desktop/skillstream/.next/dev/static/chunks/node_modules_next_dist_compiled_react-dom_1e674e59._.js:8683:316)
    at commitPassiveMountOnFiber (file://C:/Users/Ahmad Raza/Desktop/skillstream/.next/dev/static/chunks/node_modules_next_dist_compiled_react-dom_1e674e59._.js:8757:17)
    at recursivelyTraversePassiveMountEffects (file://C:/Users/Ahmad Raza/Desktop/skillstream/.next/dev/static/chunks/node_modules_next_dist_compiled_react-dom_1e674e59._.js:8683:316)
    at commitPassiveMountOnFiber (file://C:/Users/Ahmad Raza/Desktop/skillstream/.next/dev/static/chunks/node_modules_next_dist_compiled_react-dom_1e674e59._.js:8757:17)
    at recursivelyTraversePassiveMountEffects (file://C:/Users/Ahmad Raza/Desktop/skillstream/.next/dev/static/chunks/node_modules_next_dist_compiled_react-dom_1e674e59._.js:8683:316)
    at commitPassiveMountOnFiber (file://C:/Users/Ahmad Raza/Desktop/skillstream/.next/dev/static/chunks/node_modules_next_dist_compiled_react-dom_1e674e59._.js:8757:17)
    at recursivelyTraversePassiveMountEffects (file://C:/Users/Ahmad Raza/Desktop/skillstream/.next/dev/static/chunks/node_modules_next_dist_compiled_react-dom_1e674e59._.js:8683:316)
    at commitPassiveMountOnFiber (file://C:/Users/Ahmad Raza/Desktop/skillstream/.next/dev/static/chunks/node_modules_next_dist_compiled_react-dom_1e674e59._.js:8695:17)
    at recursivelyTraversePassiveMountEffects (file://C:/Users/Ahmad Raza/Desktop/skillstream/.next/dev/static/chunks/node_modules_next_dist_compiled_react-dom_1e674e59._.js:8683:316)
    at commitPassiveMountOnFiber (file://C:/Users/Ahmad Raza/Desktop/skillstream/.next/dev/static/chunks/node_modules_next_dist_compiled_react-dom_1e674e59._.js:8695:17)
    at recursivelyTraversePassiveMountEffects (file://C:/Users/Ahmad Raza/Desktop/skillstream/.next/dev/static/chunks/node_modules_next_dist_compiled_react-dom_1e674e59._.js:8683:316)
    at commitPassiveMountOnFiber (file://C:/Users/Ahmad Raza/Desktop/skillstream/.next/dev/static/chunks/node_modules_next_dist_compiled_react-dom_1e674e59._.js:8757:17)
    at recursivelyTraversePassiveMountEffects (file://C:/Users/Ahmad Raza/Desktop/skillstream/.next/dev/static/chunks/node_modules_next_dist_compiled_react-dom_1e674e59._.js:8683:316)
    at commitPassiveMountOnFiber (file://C:/Users/Ahmad Raza/Desktop/skillstream/.next/dev/static/chunks/node_modules_next_dist_compiled_react-dom_1e674e59._.js:8757:17)
    at recursivelyTraversePassiveMountEffects (file://C:/Users/Ahmad Raza/Desktop/skillstream/.next/dev/static/chunks/node_modules_next_dist_compiled_react-dom_1e674e59._.js:8683:316)
    at commitPassiveMountOnFiber (file://C:/Users/Ahmad Raza/Desktop/skillstream/.next/dev/static/chunks/node_modules_next_dist_compiled_react-dom_1e674e59._.js:8695:17)
    at recursivelyTraversePassiveMountEffects (file://C:/Users/Ahmad Raza/Desktop/skillstream/.next/dev/static/chunks/node_modules_next_dist_compiled_react-dom_1e674e59._.js:8683:316)
    at commitPassiveMountOnFiber (file://C:/Users/Ahmad Raza/Desktop/skillstream/.next/dev/static/chunks/node_modules_next_dist_compiled_react-dom_1e674e59._.js:8695:17)
    at recursivelyTraversePassiveMountEffects (file://C:/Users/Ahmad Raza/Desktop/skillstream/.next/dev/static/chunks/node_modules_next_dist_compiled_react-dom_1e674e59._.js:8683:316)
    at commitPassiveMountOnFiber (file://C:/Users/Ahmad Raza/Desktop/skillstream/.next/dev/static/chunks/node_modules_next_dist_compiled_react-dom_1e674e59._.js:8695:17)
    at recursivelyTraversePassiveMountEffects (file://C:/Users/Ahmad Raza/Desktop/skillstream/.next/dev/static/chunks/node_modules_next_dist_compiled_react-dom_1e674e59._.js:8683:316)
    at commitPassiveMountOnFiber (file://C:/Users/Ahmad Raza/Desktop/skillstream/.next/dev/static/chunks/node_modules_next_dist_compiled_react-dom_1e674e59._.js:8757:17)
    at recursivelyTraversePassiveMountEffects (file://C:/Users/Ahmad Raza/Desktop/skillstream/.next/dev/static/chunks/node_modules_next_dist_compiled_react-dom_1e674e59._.js:8683:316)
    at commitPassiveMountOnFiber (file://C:/Users/Ahmad Raza/Desktop/skillstream/.next/dev/static/chunks/node_modules_next_dist_compiled_react-dom_1e674e59._.js:8757:17)
    at recursivelyTraversePassiveMountEffects (file://C:/Users/Ahmad Raza/Desktop/skillstream/.next/dev/static/chunks/node_modules_next_dist_compiled_react-dom_1e674e59._.js:8683:316)
    at commitPassiveMountOnFiber (file://C:/Users/Ahmad Raza/Desktop/skillstream/.next/dev/static/chunks/node_modules_next_dist_compiled_react-dom_1e674e59._.js:8695:17)
    at recursivelyTraversePassiveMountEffects (file://C:/Users/Ahmad Raza/Desktop/skillstream/.next/dev/static/chunks/node_modules_next_dist_compiled_react-dom_1e674e59._.js:8683:316)
    at commitPassiveMountOnFiber (file://C:/Users/Ahmad Raza/Desktop/skillstream/.next/dev/static/chunks/node_modules_next_dist_compiled_react-dom_1e674e59._.js:8700:17)
    at recursivelyTraversePassiveMountEffects (file://C:/Users/Ahmad Raza/Desktop/skillstream/.next/dev/static/chunks/node_modules_next_dist_compiled_react-dom_1e674e59._.js:8683:316)
    at commitPassiveMountOnFiber (file://C:/Users/Ahmad Raza/Desktop/skillstream/.next/dev/static/chunks/node_modules_next_dist_compiled_react-dom_1e674e59._.js:8695:17)
    at Tabs (file://C:/Users/Ahmad Raza/Desktop/skillstream/.next/dev/static/chunks/src_46a5434b._.js:246:215)
    at LiveCourseDetailPage (file://C:/Users/Ahmad Raza/Desktop/skillstream/.next/dev/static/chunks/src_46a5434b._.js:1935:245)
    at ClientPageRoot (file://C:/Users/Ahmad Raza/Desktop/skillstream/.next/dev/static/chunks/node_modules_next_dist_be32b49c._.js:2403:50)

Next.js version: 16.1.1 (Turbopack)
## Error Type
Console Error

## Error Message
MUI: The `value` provided to the Tabs component is invalid.
None of the Tabs' children match with "overview".
You can provide one of the following values: .$overview, .$schedule, .$instructor, .$reviews.


    at createConsoleError (file://C:/Users/Ahmad Raza/Desktop/skillstream/.next/dev/static/chunks/node_modules_next_dist_f3530cac._.js:2199:71)
    at handleConsoleError (file://C:/Users/Ahmad Raza/Desktop/skillstream/.next/dev/static/chunks/node_modules_next_dist_f3530cac._.js:2980:54)
    at console.error (file://C:/Users/Ahmad Raza/Desktop/skillstream/.next/dev/static/chunks/node_modules_next_dist_f3530cac._.js:3124:57)
    at getTabsMeta (file://C:/Users/Ahmad Raza/Desktop/skillstream/.next/dev/static/chunks/node_modules_%40mui_material_esm_67532532._.js:7385:33)
    at Tabs.Tabs.useEventCallback[scrollSelectedIntoView] (file://C:/Users/Ahmad Raza/Desktop/skillstream/.next/dev/static/chunks/node_modules_%40mui_material_esm_67532532._.js:7547:43)
    at useEventCallback.useRef (file://C:/Users/Ahmad Raza/Desktop/skillstream/.next/dev/static/chunks/node_modules_4d692093._.js:1691:29)
    at Tabs.Tabs.useEffect (file://C:/Users/Ahmad Raza/Desktop/skillstream/.next/dev/static/chunks/node_modules_%40mui_material_esm_67532532._.js:7697:13)
    at Object.react_stack_bottom_frame (file://C:/Users/Ahmad Raza/Desktop/skillstream/.next/dev/static/chunks/node_modules_next_dist_compiled_react-dom_1e674e59._.js:14876:22)
    at runWithFiberInDEV (file://C:/Users/Ahmad Raza/Desktop/skillstream/.next/dev/static/chunks/node_modules_next_dist_compiled_react-dom_1e674e59._.js:965:74)
    at commitHookEffectListMount (file://C:/Users/Ahmad Raza/Desktop/skillstream/.next/dev/static/chunks/node_modules_next_dist_compiled_react-dom_1e674e59._.js:7266:167)
    at commitHookPassiveMountEffects (file://C:/Users/Ahmad Raza/Desktop/skillstream/.next/dev/static/chunks/node_modules_next_dist_compiled_react-dom_1e674e59._.js:7301:60)
    at commitPassiveMountOnFiber (file://C:/Users/Ahmad Raza/Desktop/skillstream/.next/dev/static/chunks/node_modules_next_dist_compiled_react-dom_1e674e59._.js:8696:33)
    at recursivelyTraversePassiveMountEffects (file://C:/Users/Ahmad Raza/Desktop/skillstream/.next/dev/static/chunks/node_modules_next_dist_compiled_react-dom_1e674e59._.js:8683:316)
    at commitPassiveMountOnFiber (file://C:/Users/Ahmad Raza/Desktop/skillstream/.next/dev/static/chunks/node_modules_next_dist_compiled_react-dom_1e674e59._.js:8757:17)
    at recursivelyTraversePassiveMountEffects (file://C:/Users/Ahmad Raza/Desktop/skillstream/.next/dev/static/chunks/node_modules_next_dist_compiled_react-dom_1e674e59._.js:8683:316)
    at commitPassiveMountOnFiber (file://C:/Users/Ahmad Raza/Desktop/skillstream/.next/dev/static/chunks/node_modules_next_dist_compiled_react-dom_1e674e59._.js:8695:17)
    at recursivelyTraversePassiveMountEffects (file://C:/Users/Ahmad Raza/Desktop/skillstream/.next/dev/static/chunks/node_modules_next_dist_compiled_react-dom_1e674e59._.js:8683:316)
    at commitPassiveMountOnFiber (file://C:/Users/Ahmad Raza/Desktop/skillstream/.next/dev/static/chunks/node_modules_next_dist_compiled_react-dom_1e674e59._.js:8695:17)
    at recursivelyTraversePassiveMountEffects (file://C:/Users/Ahmad Raza/Desktop/skillstream/.next/dev/static/chunks/node_modules_next_dist_compiled_react-dom_1e674e59._.js:8683:316)
    at commitPassiveMountOnFiber (file://C:/Users/Ahmad Raza/Desktop/skillstream/.next/dev/static/chunks/node_modules_next_dist_compiled_react-dom_1e674e59._.js:8695:17)
    at recursivelyTraversePassiveMountEffects (file://C:/Users/Ahmad Raza/Desktop/skillstream/.next/dev/static/chunks/node_modules_next_dist_compiled_react-dom_1e674e59._.js:8683:316)
    at commitPassiveMountOnFiber (file://C:/Users/Ahmad Raza/Desktop/skillstream/.next/dev/static/chunks/node_modules_next_dist_compiled_react-dom_1e674e59._.js:8757:17)
    at recursivelyTraversePassiveMountEffects (file://C:/Users/Ahmad Raza/Desktop/skillstream/.next/dev/static/chunks/node_modules_next_dist_compiled_react-dom_1e674e59._.js:8683:316)
    at commitPassiveMountOnFiber (file://C:/Users/Ahmad Raza/Desktop/skillstream/.next/dev/static/chunks/node_modules_next_dist_compiled_react-dom_1e674e59._.js:8757:17)
    at recursivelyTraversePassiveMountEffects (file://C:/Users/Ahmad Raza/Desktop/skillstream/.next/dev/static/chunks/node_modules_next_dist_compiled_react-dom_1e674e59._.js:8683:316)
    at commitPassiveMountOnFiber (file://C:/Users/Ahmad Raza/Desktop/skillstream/.next/dev/static/chunks/node_modules_next_dist_compiled_react-dom_1e674e59._.js:8757:17)
    at recursivelyTraversePassiveMountEffects (file://C:/Users/Ahmad Raza/Desktop/skillstream/.next/dev/static/chunks/node_modules_next_dist_compiled_react-dom_1e674e59._.js:8683:316)
    at commitPassiveMountOnFiber (file://C:/Users/Ahmad Raza/Desktop/skillstream/.next/dev/static/chunks/node_modules_next_dist_compiled_react-dom_1e674e59._.js:8695:17)
    at recursivelyTraversePassiveMountEffects (file://C:/Users/Ahmad Raza/Desktop/skillstream/.next/dev/static/chunks/node_modules_next_dist_compiled_react-dom_1e674e59._.js:8683:316)
    at commitPassiveMountOnFiber (file://C:/Users/Ahmad Raza/Desktop/skillstream/.next/dev/static/chunks/node_modules_next_dist_compiled_react-dom_1e674e59._.js:8695:17)
    at recursivelyTraversePassiveMountEffects (file://C:/Users/Ahmad Raza/Desktop/skillstream/.next/dev/static/chunks/node_modules_next_dist_compiled_react-dom_1e674e59._.js:8683:316)
    at commitPassiveMountOnFiber (file://C:/Users/Ahmad Raza/Desktop/skillstream/.next/dev/static/chunks/node_modules_next_dist_compiled_react-dom_1e674e59._.js:8757:17)
    at recursivelyTraversePassiveMountEffects (file://C:/Users/Ahmad Raza/Desktop/skillstream/.next/dev/static/chunks/node_modules_next_dist_compiled_react-dom_1e674e59._.js:8683:316)
    at commitPassiveMountOnFiber (file://C:/Users/Ahmad Raza/Desktop/skillstream/.next/dev/static/chunks/node_modules_next_dist_compiled_react-dom_1e674e59._.js:8757:17)
    at recursivelyTraversePassiveMountEffects (file://C:/Users/Ahmad Raza/Desktop/skillstream/.next/dev/static/chunks/node_modules_next_dist_compiled_react-dom_1e674e59._.js:8683:316)
    at commitPassiveMountOnFiber (file://C:/Users/Ahmad Raza/Desktop/skillstream/.next/dev/static/chunks/node_modules_next_dist_compiled_react-dom_1e674e59._.js:8695:17)
    at recursivelyTraversePassiveMountEffects (file://C:/Users/Ahmad Raza/Desktop/skillstream/.next/dev/static/chunks/node_modules_next_dist_compiled_react-dom_1e674e59._.js:8683:316)
    at commitPassiveMountOnFiber (file://C:/Users/Ahmad Raza/Desktop/skillstream/.next/dev/static/chunks/node_modules_next_dist_compiled_react-dom_1e674e59._.js:8695:17)
    at recursivelyTraversePassiveMountEffects (file://C:/Users/Ahmad Raza/Desktop/skillstream/.next/dev/static/chunks/node_modules_next_dist_compiled_react-dom_1e674e59._.js:8683:316)
    at commitPassiveMountOnFiber (file://C:/Users/Ahmad Raza/Desktop/skillstream/.next/dev/static/chunks/node_modules_next_dist_compiled_react-dom_1e674e59._.js:8695:17)
    at recursivelyTraversePassiveMountEffects (file://C:/Users/Ahmad Raza/Desktop/skillstream/.next/dev/static/chunks/node_modules_next_dist_compiled_react-dom_1e674e59._.js:8683:316)
    at commitPassiveMountOnFiber (file://C:/Users/Ahmad Raza/Desktop/skillstream/.next/dev/static/chunks/node_modules_next_dist_compiled_react-dom_1e674e59._.js:8757:17)
    at recursivelyTraversePassiveMountEffects (file://C:/Users/Ahmad Raza/Desktop/skillstream/.next/dev/static/chunks/node_modules_next_dist_compiled_react-dom_1e674e59._.js:8683:316)
    at commitPassiveMountOnFiber (file://C:/Users/Ahmad Raza/Desktop/skillstream/.next/dev/static/chunks/node_modules_next_dist_compiled_react-dom_1e674e59._.js:8757:17)
    at recursivelyTraversePassiveMountEffects (file://C:/Users/Ahmad Raza/Desktop/skillstream/.next/dev/static/chunks/node_modules_next_dist_compiled_react-dom_1e674e59._.js:8683:316)
    at commitPassiveMountOnFiber (file://C:/Users/Ahmad Raza/Desktop/skillstream/.next/dev/static/chunks/node_modules_next_dist_compiled_react-dom_1e674e59._.js:8695:17)
    at recursivelyTraversePassiveMountEffects (file://C:/Users/Ahmad Raza/Desktop/skillstream/.next/dev/static/chunks/node_modules_next_dist_compiled_react-dom_1e674e59._.js:8683:316)
    at commitPassiveMountOnFiber (file://C:/Users/Ahmad Raza/Desktop/skillstream/.next/dev/static/chunks/node_modules_next_dist_compiled_react-dom_1e674e59._.js:8700:17)
    at recursivelyTraversePassiveMountEffects (file://C:/Users/Ahmad Raza/Desktop/skillstream/.next/dev/static/chunks/node_modules_next_dist_compiled_react-dom_1e674e59._.js:8683:316)
    at commitPassiveMountOnFiber (file://C:/Users/Ahmad Raza/Desktop/skillstream/.next/dev/static/chunks/node_modules_next_dist_compiled_react-dom_1e674e59._.js:8695:17)
    at Tabs (file://C:/Users/Ahmad Raza/Desktop/skillstream/.next/dev/static/chunks/src_46a5434b._.js:246:215)
    at LiveCourseDetailPage (file://C:/Users/Ahmad Raza/Desktop/skillstream/.next/dev/static/chunks/src_46a5434b._.js:1935:245)
    at ClientPageRoot (file://C:/Users/Ahmad Raza/Desktop/skillstream/.next/dev/static/chunks/node_modules_next_dist_be32b49c._.js:2403:50)

Next.js version: 16.1.1 (Turbopack)
## Error Type
Console Error

## Error Message
MUI: The `value` provided to the Tabs component is invalid.
None of the Tabs' children match with "overview".
You can provide one of the following values: .$overview, .$schedule, .$instructor, .$reviews.


    at createConsoleError (file://C:/Users/Ahmad Raza/Desktop/skillstream/.next/dev/static/chunks/node_modules_next_dist_f3530cac._.js:2199:71)
    at handleConsoleError (file://C:/Users/Ahmad Raza/Desktop/skillstream/.next/dev/static/chunks/node_modules_next_dist_f3530cac._.js:2980:54)
    at console.error (file://C:/Users/Ahmad Raza/Desktop/skillstream/.next/dev/static/chunks/node_modules_next_dist_f3530cac._.js:3124:57)
    at getTabsMeta (file://C:/Users/Ahmad Raza/Desktop/skillstream/.next/dev/static/chunks/node_modules_%40mui_material_esm_67532532._.js:7385:33)
    at Tabs.Tabs.useEventCallback[updateIndicatorState] (file://C:/Users/Ahmad Raza/Desktop/skillstream/.next/dev/static/chunks/node_modules_%40mui_material_esm_67532532._.js:7414:43)
    at useEventCallback.useRef (file://C:/Users/Ahmad Raza/Desktop/skillstream/.next/dev/static/chunks/node_modules_4d692093._.js:1691:29)
    at Tabs.Tabs.useEffect.handleResize (file://C:/Users/Ahmad Raza/Desktop/skillstream/.next/dev/static/chunks/node_modules_%40mui_material_esm_67532532._.js:7584:25)
    at later (file://C:/Users/Ahmad Raza/Desktop/skillstream/.next/dev/static/chunks/node_modules_d9b666e8._.js:10314:18)

Next.js version: 16.1.1 (Turbopack)
## Error Type
Console Error

## Error Message
MUI: The `value` provided to the Tabs component is invalid.
None of the Tabs' children match with "personal".
You can provide one of the following values: .$personal, .$security, .$payment, .$notifications.


    at createConsoleError (file://C:/Users/Ahmad Raza/Desktop/skillstream/.next/dev/static/chunks/node_modules_next_dist_f3530cac._.js:2199:71)
    at handleConsoleError (file://C:/Users/Ahmad Raza/Desktop/skillstream/.next/dev/static/chunks/node_modules_next_dist_f3530cac._.js:2980:54)
    at console.error (file://C:/Users/Ahmad Raza/Desktop/skillstream/.next/dev/static/chunks/node_modules_next_dist_f3530cac._.js:3124:57)
    at getTabsMeta (file://C:/Users/Ahmad Raza/Desktop/skillstream/.next/dev/static/chunks/node_modules_%40mui_material_esm_67532532._.js:7385:33)
    at Tabs.Tabs.useEventCallback[updateIndicatorState] (file://C:/Users/Ahmad Raza/Desktop/skillstream/.next/dev/static/chunks/node_modules_%40mui_material_esm_67532532._.js:7414:43)
    at useEventCallback.useRef (file://C:/Users/Ahmad Raza/Desktop/skillstream/.next/dev/static/chunks/node_modules_4d692093._.js:1691:29)
    at Tabs.Tabs.useEffect (file://C:/Users/Ahmad Raza/Desktop/skillstream/.next/dev/static/chunks/node_modules_%40mui_material_esm_67532532._.js:7691:13)
    at Object.react_stack_bottom_frame (file://C:/Users/Ahmad Raza/Desktop/skillstream/.next/dev/static/chunks/node_modules_next_dist_compiled_react-dom_1e674e59._.js:14876:22)
    at runWithFiberInDEV (file://C:/Users/Ahmad Raza/Desktop/skillstream/.next/dev/static/chunks/node_modules_next_dist_compiled_react-dom_1e674e59._.js:965:74)
    at commitHookEffectListMount (file://C:/Users/Ahmad Raza/Desktop/skillstream/.next/dev/static/chunks/node_modules_next_dist_compiled_react-dom_1e674e59._.js:7266:167)
    at commitHookPassiveMountEffects (file://C:/Users/Ahmad Raza/Desktop/skillstream/.next/dev/static/chunks/node_modules_next_dist_compiled_react-dom_1e674e59._.js:7301:60)
    at reconnectPassiveEffects (file://C:/Users/Ahmad Raza/Desktop/skillstream/.next/dev/static/chunks/node_modules_next_dist_compiled_react-dom_1e674e59._.js:8786:17)
    at recursivelyTraverseReconnectPassiveEffects (file://C:/Users/Ahmad Raza/Desktop/skillstream/.next/dev/static/chunks/node_modules_next_dist_compiled_react-dom_1e674e59._.js:8773:13)
    at reconnectPassiveEffects (file://C:/Users/Ahmad Raza/Desktop/skillstream/.next/dev/static/chunks/node_modules_next_dist_compiled_react-dom_1e674e59._.js:8800:17)
    at recursivelyTraverseReconnectPassiveEffects (file://C:/Users/Ahmad Raza/Desktop/skillstream/.next/dev/static/chunks/node_modules_next_dist_compiled_react-dom_1e674e59._.js:8773:13)
    at reconnectPassiveEffects (file://C:/Users/Ahmad Raza/Desktop/skillstream/.next/dev/static/chunks/node_modules_next_dist_compiled_react-dom_1e674e59._.js:8785:17)
    at recursivelyTraverseReconnectPassiveEffects (file://C:/Users/Ahmad Raza/Desktop/skillstream/.next/dev/static/chunks/node_modules_next_dist_compiled_react-dom_1e674e59._.js:8773:13)
    at reconnectPassiveEffects (file://C:/Users/Ahmad Raza/Desktop/skillstream/.next/dev/static/chunks/node_modules_next_dist_compiled_react-dom_1e674e59._.js:8785:17)
    at recursivelyTraverseReconnectPassiveEffects (file://C:/Users/Ahmad Raza/Desktop/skillstream/.next/dev/static/chunks/node_modules_next_dist_compiled_react-dom_1e674e59._.js:8773:13)
    at reconnectPassiveEffects (file://C:/Users/Ahmad Raza/Desktop/skillstream/.next/dev/static/chunks/node_modules_next_dist_compiled_react-dom_1e674e59._.js:8785:17)
    at recursivelyTraverseReconnectPassiveEffects (file://C:/Users/Ahmad Raza/Desktop/skillstream/.next/dev/static/chunks/node_modules_next_dist_compiled_react-dom_1e674e59._.js:8773:13)
    at reconnectPassiveEffects (file://C:/Users/Ahmad Raza/Desktop/skillstream/.next/dev/static/chunks/node_modules_next_dist_compiled_react-dom_1e674e59._.js:8800:17)
    at recursivelyTraverseReconnectPassiveEffects (file://C:/Users/Ahmad Raza/Desktop/skillstream/.next/dev/static/chunks/node_modules_next_dist_compiled_react-dom_1e674e59._.js:8773:13)
    at reconnectPassiveEffects (file://C:/Users/Ahmad Raza/Desktop/skillstream/.next/dev/static/chunks/node_modules_next_dist_compiled_react-dom_1e674e59._.js:8785:17)
    at recursivelyTraverseReconnectPassiveEffects (file://C:/Users/Ahmad Raza/Desktop/skillstream/.next/dev/static/chunks/node_modules_next_dist_compiled_react-dom_1e674e59._.js:8773:13)
    at reconnectPassiveEffects (file://C:/Users/Ahmad Raza/Desktop/skillstream/.next/dev/static/chunks/node_modules_next_dist_compiled_react-dom_1e674e59._.js:8785:17)
    at recursivelyTraverseReconnectPassiveEffects (file://C:/Users/Ahmad Raza/Desktop/skillstream/.next/dev/static/chunks/node_modules_next_dist_compiled_react-dom_1e674e59._.js:8773:13)
    at reconnectPassiveEffects (file://C:/Users/Ahmad Raza/Desktop/skillstream/.next/dev/static/chunks/node_modules_next_dist_compiled_react-dom_1e674e59._.js:8785:17)
    at recursivelyTraverseReconnectPassiveEffects (file://C:/Users/Ahmad Raza/Desktop/skillstream/.next/dev/static/chunks/node_modules_next_dist_compiled_react-dom_1e674e59._.js:8773:13)
    at reconnectPassiveEffects (file://C:/Users/Ahmad Raza/Desktop/skillstream/.next/dev/static/chunks/node_modules_next_dist_compiled_react-dom_1e674e59._.js:8785:17)
    at recursivelyTraverseReconnectPassiveEffects (file://C:/Users/Ahmad Raza/Desktop/skillstream/.next/dev/static/chunks/node_modules_next_dist_compiled_react-dom_1e674e59._.js:8773:13)
    at reconnectPassiveEffects (file://C:/Users/Ahmad Raza/Desktop/skillstream/.next/dev/static/chunks/node_modules_next_dist_compiled_react-dom_1e674e59._.js:8785:17)
    at recursivelyTraverseReconnectPassiveEffects (file://C:/Users/Ahmad Raza/Desktop/skillstream/.next/dev/static/chunks/node_modules_next_dist_compiled_react-dom_1e674e59._.js:8773:13)
    at reconnectPassiveEffects (file://C:/Users/Ahmad Raza/Desktop/skillstream/.next/dev/static/chunks/node_modules_next_dist_compiled_react-dom_1e674e59._.js:8800:17)
    at recursivelyTraverseReconnectPassiveEffects (file://C:/Users/Ahmad Raza/Desktop/skillstream/.next/dev/static/chunks/node_modules_next_dist_compiled_react-dom_1e674e59._.js:8773:13)
    at reconnectPassiveEffects (file://C:/Users/Ahmad Raza/Desktop/skillstream/.next/dev/static/chunks/node_modules_next_dist_compiled_react-dom_1e674e59._.js:8800:17)
    at recursivelyTraverseReconnectPassiveEffects (file://C:/Users/Ahmad Raza/Desktop/skillstream/.next/dev/static/chunks/node_modules_next_dist_compiled_react-dom_1e674e59._.js:8773:13)
    at reconnectPassiveEffects (file://C:/Users/Ahmad Raza/Desktop/skillstream/.next/dev/static/chunks/node_modules_next_dist_compiled_react-dom_1e674e59._.js:8800:17)
    at recursivelyTraverseReconnectPassiveEffects (file://C:/Users/Ahmad Raza/Desktop/skillstream/.next/dev/static/chunks/node_modules_next_dist_compiled_react-dom_1e674e59._.js:8773:13)
    at reconnectPassiveEffects (file://C:/Users/Ahmad Raza/Desktop/skillstream/.next/dev/static/chunks/node_modules_next_dist_compiled_react-dom_1e674e59._.js:8800:17)
    at recursivelyTraverseReconnectPassiveEffects (file://C:/Users/Ahmad Raza/Desktop/skillstream/.next/dev/static/chunks/node_modules_next_dist_compiled_react-dom_1e674e59._.js:8773:13)
    at reconnectPassiveEffects (file://C:/Users/Ahmad Raza/Desktop/skillstream/.next/dev/static/chunks/node_modules_next_dist_compiled_react-dom_1e674e59._.js:8800:17)
    at recursivelyTraverseReconnectPassiveEffects (file://C:/Users/Ahmad Raza/Desktop/skillstream/.next/dev/static/chunks/node_modules_next_dist_compiled_react-dom_1e674e59._.js:8773:13)
    at reconnectPassiveEffects (file://C:/Users/Ahmad Raza/Desktop/skillstream/.next/dev/static/chunks/node_modules_next_dist_compiled_react-dom_1e674e59._.js:8785:17)
    at recursivelyTraverseReconnectPassiveEffects (file://C:/Users/Ahmad Raza/Desktop/skillstream/.next/dev/static/chunks/node_modules_next_dist_compiled_react-dom_1e674e59._.js:8773:13)
    at reconnectPassiveEffects (file://C:/Users/Ahmad Raza/Desktop/skillstream/.next/dev/static/chunks/node_modules_next_dist_compiled_react-dom_1e674e59._.js:8785:17)
    at recursivelyTraverseReconnectPassiveEffects (file://C:/Users/Ahmad Raza/Desktop/skillstream/.next/dev/static/chunks/node_modules_next_dist_compiled_react-dom_1e674e59._.js:8773:13)
    at reconnectPassiveEffects (file://C:/Users/Ahmad Raza/Desktop/skillstream/.next/dev/static/chunks/node_modules_next_dist_compiled_react-dom_1e674e59._.js:8785:17)
    at recursivelyTraverseReconnectPassiveEffects (file://C:/Users/Ahmad Raza/Desktop/skillstream/.next/dev/static/chunks/node_modules_next_dist_compiled_react-dom_1e674e59._.js:8773:13)
    at reconnectPassiveEffects (file://C:/Users/Ahmad Raza/Desktop/skillstream/.next/dev/static/chunks/node_modules_next_dist_compiled_react-dom_1e674e59._.js:8800:17)
    at Tabs (file://C:/Users/Ahmad Raza/Desktop/skillstream/.next/dev/static/chunks/src_46a5434b._.js:246:215)
    at ProfilePage (file://C:/Users/Ahmad Raza/Desktop/skillstream/.next/dev/static/chunks/src_d4174e0b._.js:1630:249)
    at ClientPageRoot (file://C:/Users/Ahmad Raza/Desktop/skillstream/.next/dev/static/chunks/node_modules_next_dist_be32b49c._.js:2403:50)

Next.js version: 16.1.1 (Turbopack)
## Error Type
Console Error

## Error Message
MUI: The `value` provided to the Tabs component is invalid.
None of the Tabs' children match with "personal".
You can provide one of the following values: .$personal, .$security, .$payment, .$notifications.


    at createConsoleError (file://C:/Users/Ahmad Raza/Desktop/skillstream/.next/dev/static/chunks/node_modules_next_dist_f3530cac._.js:2199:71)
    at handleConsoleError (file://C:/Users/Ahmad Raza/Desktop/skillstream/.next/dev/static/chunks/node_modules_next_dist_f3530cac._.js:2980:54)
    at console.error (file://C:/Users/Ahmad Raza/Desktop/skillstream/.next/dev/static/chunks/node_modules_next_dist_f3530cac._.js:3124:57)
    at getTabsMeta (file://C:/Users/Ahmad Raza/Desktop/skillstream/.next/dev/static/chunks/node_modules_%40mui_material_esm_67532532._.js:7385:33)
    at Tabs.Tabs.useEventCallback[scrollSelectedIntoView] (file://C:/Users/Ahmad Raza/Desktop/skillstream/.next/dev/static/chunks/node_modules_%40mui_material_esm_67532532._.js:7547:43)
    at useEventCallback.useRef (file://C:/Users/Ahmad Raza/Desktop/skillstream/.next/dev/static/chunks/node_modules_4d692093._.js:1691:29)
    at Tabs.Tabs.useEffect (file://C:/Users/Ahmad Raza/Desktop/skillstream/.next/dev/static/chunks/node_modules_%40mui_material_esm_67532532._.js:7697:13)
    at Object.react_stack_bottom_frame (file://C:/Users/Ahmad Raza/Desktop/skillstream/.next/dev/static/chunks/node_modules_next_dist_compiled_react-dom_1e674e59._.js:14876:22)
    at runWithFiberInDEV (file://C:/Users/Ahmad Raza/Desktop/skillstream/.next/dev/static/chunks/node_modules_next_dist_compiled_react-dom_1e674e59._.js:965:74)
    at commitHookEffectListMount (file://C:/Users/Ahmad Raza/Desktop/skillstream/.next/dev/static/chunks/node_modules_next_dist_compiled_react-dom_1e674e59._.js:7266:167)
    at commitHookPassiveMountEffects (file://C:/Users/Ahmad Raza/Desktop/skillstream/.next/dev/static/chunks/node_modules_next_dist_compiled_react-dom_1e674e59._.js:7301:60)
    at reconnectPassiveEffects (file://C:/Users/Ahmad Raza/Desktop/skillstream/.next/dev/static/chunks/node_modules_next_dist_compiled_react-dom_1e674e59._.js:8786:17)
    at recursivelyTraverseReconnectPassiveEffects (file://C:/Users/Ahmad Raza/Desktop/skillstream/.next/dev/static/chunks/node_modules_next_dist_compiled_react-dom_1e674e59._.js:8773:13)
    at reconnectPassiveEffects (file://C:/Users/Ahmad Raza/Desktop/skillstream/.next/dev/static/chunks/node_modules_next_dist_compiled_react-dom_1e674e59._.js:8800:17)
    at recursivelyTraverseReconnectPassiveEffects (file://C:/Users/Ahmad Raza/Desktop/skillstream/.next/dev/static/chunks/node_modules_next_dist_compiled_react-dom_1e674e59._.js:8773:13)
    at reconnectPassiveEffects (file://C:/Users/Ahmad Raza/Desktop/skillstream/.next/dev/static/chunks/node_modules_next_dist_compiled_react-dom_1e674e59._.js:8785:17)
    at recursivelyTraverseReconnectPassiveEffects (file://C:/Users/Ahmad Raza/Desktop/skillstream/.next/dev/static/chunks/node_modules_next_dist_compiled_react-dom_1e674e59._.js:8773:13)
    at reconnectPassiveEffects (file://C:/Users/Ahmad Raza/Desktop/skillstream/.next/dev/static/chunks/node_modules_next_dist_compiled_react-dom_1e674e59._.js:8785:17)
    at recursivelyTraverseReconnectPassiveEffects (file://C:/Users/Ahmad Raza/Desktop/skillstream/.next/dev/static/chunks/node_modules_next_dist_compiled_react-dom_1e674e59._.js:8773:13)
    at reconnectPassiveEffects (file://C:/Users/Ahmad Raza/Desktop/skillstream/.next/dev/static/chunks/node_modules_next_dist_compiled_react-dom_1e674e59._.js:8785:17)
    at recursivelyTraverseReconnectPassiveEffects (file://C:/Users/Ahmad Raza/Desktop/skillstream/.next/dev/static/chunks/node_modules_next_dist_compiled_react-dom_1e674e59._.js:8773:13)
    at reconnectPassiveEffects (file://C:/Users/Ahmad Raza/Desktop/skillstream/.next/dev/static/chunks/node_modules_next_dist_compiled_react-dom_1e674e59._.js:8800:17)
    at recursivelyTraverseReconnectPassiveEffects (file://C:/Users/Ahmad Raza/Desktop/skillstream/.next/dev/static/chunks/node_modules_next_dist_compiled_react-dom_1e674e59._.js:8773:13)
    at reconnectPassiveEffects (file://C:/Users/Ahmad Raza/Desktop/skillstream/.next/dev/static/chunks/node_modules_next_dist_compiled_react-dom_1e674e59._.js:8785:17)
    at recursivelyTraverseReconnectPassiveEffects (file://C:/Users/Ahmad Raza/Desktop/skillstream/.next/dev/static/chunks/node_modules_next_dist_compiled_react-dom_1e674e59._.js:8773:13)
    at reconnectPassiveEffects (file://C:/Users/Ahmad Raza/Desktop/skillstream/.next/dev/static/chunks/node_modules_next_dist_compiled_react-dom_1e674e59._.js:8785:17)
    at recursivelyTraverseReconnectPassiveEffects (file://C:/Users/Ahmad Raza/Desktop/skillstream/.next/dev/static/chunks/node_modules_next_dist_compiled_react-dom_1e674e59._.js:8773:13)
    at reconnectPassiveEffects (file://C:/Users/Ahmad Raza/Desktop/skillstream/.next/dev/static/chunks/node_modules_next_dist_compiled_react-dom_1e674e59._.js:8785:17)
    at recursivelyTraverseReconnectPassiveEffects (file://C:/Users/Ahmad Raza/Desktop/skillstream/.next/dev/static/chunks/node_modules_next_dist_compiled_react-dom_1e674e59._.js:8773:13)
    at reconnectPassiveEffects (file://C:/Users/Ahmad Raza/Desktop/skillstream/.next/dev/static/chunks/node_modules_next_dist_compiled_react-dom_1e674e59._.js:8785:17)
    at recursivelyTraverseReconnectPassiveEffects (file://C:/Users/Ahmad Raza/Desktop/skillstream/.next/dev/static/chunks/node_modules_next_dist_compiled_react-dom_1e674e59._.js:8773:13)
    at reconnectPassiveEffects (file://C:/Users/Ahmad Raza/Desktop/skillstream/.next/dev/static/chunks/node_modules_next_dist_compiled_react-dom_1e674e59._.js:8785:17)
    at recursivelyTraverseReconnectPassiveEffects (file://C:/Users/Ahmad Raza/Desktop/skillstream/.next/dev/static/chunks/node_modules_next_dist_compiled_react-dom_1e674e59._.js:8773:13)
    at reconnectPassiveEffects (file://C:/Users/Ahmad Raza/Desktop/skillstream/.next/dev/static/chunks/node_modules_next_dist_compiled_react-dom_1e674e59._.js:8800:17)
    at recursivelyTraverseReconnectPassiveEffects (file://C:/Users/Ahmad Raza/Desktop/skillstream/.next/dev/static/chunks/node_modules_next_dist_compiled_react-dom_1e674e59._.js:8773:13)
    at reconnectPassiveEffects (file://C:/Users/Ahmad Raza/Desktop/skillstream/.next/dev/static/chunks/node_modules_next_dist_compiled_react-dom_1e674e59._.js:8800:17)
    at recursivelyTraverseReconnectPassiveEffects (file://C:/Users/Ahmad Raza/Desktop/skillstream/.next/dev/static/chunks/node_modules_next_dist_compiled_react-dom_1e674e59._.js:8773:13)
    at reconnectPassiveEffects (file://C:/Users/Ahmad Raza/Desktop/skillstream/.next/dev/static/chunks/node_modules_next_dist_compiled_react-dom_1e674e59._.js:8800:17)
    at recursivelyTraverseReconnectPassiveEffects (file://C:/Users/Ahmad Raza/Desktop/skillstream/.next/dev/static/chunks/node_modules_next_dist_compiled_react-dom_1e674e59._.js:8773:13)
    at reconnectPassiveEffects (file://C:/Users/Ahmad Raza/Desktop/skillstream/.next/dev/static/chunks/node_modules_next_dist_compiled_react-dom_1e674e59._.js:8800:17)
    at recursivelyTraverseReconnectPassiveEffects (file://C:/Users/Ahmad Raza/Desktop/skillstream/.next/dev/static/chunks/node_modules_next_dist_compiled_react-dom_1e674e59._.js:8773:13)
    at reconnectPassiveEffects (file://C:/Users/Ahmad Raza/Desktop/skillstream/.next/dev/static/chunks/node_modules_next_dist_compiled_react-dom_1e674e59._.js:8800:17)
    at recursivelyTraverseReconnectPassiveEffects (file://C:/Users/Ahmad Raza/Desktop/skillstream/.next/dev/static/chunks/node_modules_next_dist_compiled_react-dom_1e674e59._.js:8773:13)
    at reconnectPassiveEffects (file://C:/Users/Ahmad Raza/Desktop/skillstream/.next/dev/static/chunks/node_modules_next_dist_compiled_react-dom_1e674e59._.js:8785:17)
    at recursivelyTraverseReconnectPassiveEffects (file://C:/Users/Ahmad Raza/Desktop/skillstream/.next/dev/static/chunks/node_modules_next_dist_compiled_react-dom_1e674e59._.js:8773:13)
    at reconnectPassiveEffects (file://C:/Users/Ahmad Raza/Desktop/skillstream/.next/dev/static/chunks/node_modules_next_dist_compiled_react-dom_1e674e59._.js:8785:17)
    at recursivelyTraverseReconnectPassiveEffects (file://C:/Users/Ahmad Raza/Desktop/skillstream/.next/dev/static/chunks/node_modules_next_dist_compiled_react-dom_1e674e59._.js:8773:13)
    at reconnectPassiveEffects (file://C:/Users/Ahmad Raza/Desktop/skillstream/.next/dev/static/chunks/node_modules_next_dist_compiled_react-dom_1e674e59._.js:8785:17)
    at recursivelyTraverseReconnectPassiveEffects (file://C:/Users/Ahmad Raza/Desktop/skillstream/.next/dev/static/chunks/node_modules_next_dist_compiled_react-dom_1e674e59._.js:8773:13)
    at reconnectPassiveEffects (file://C:/Users/Ahmad Raza/Desktop/skillstream/.next/dev/static/chunks/node_modules_next_dist_compiled_react-dom_1e674e59._.js:8800:17)
    at Tabs (file://C:/Users/Ahmad Raza/Desktop/skillstream/.next/dev/static/chunks/src_46a5434b._.js:246:215)
    at ProfilePage (file://C:/Users/Ahmad Raza/Desktop/skillstream/.next/dev/static/chunks/src_d4174e0b._.js:1630:249)
    at ClientPageRoot (file://C:/Users/Ahmad Raza/Desktop/skillstream/.next/dev/static/chunks/node_modules_next_dist_be32b49c._.js:2403:50)

Next.js version: 16.1.1 (Turbopack)
## Error Type
Console Error

## Error Message
MUI: The `value` provided to the Tabs component is invalid.
None of the Tabs' children match with "personal".
You can provide one of the following values: .$personal, .$security, .$payment, .$notifications.


    at createConsoleError (file://C:/Users/Ahmad Raza/Desktop/skillstream/.next/dev/static/chunks/node_modules_next_dist_f3530cac._.js:2199:71)
    at handleConsoleError (file://C:/Users/Ahmad Raza/Desktop/skillstream/.next/dev/static/chunks/node_modules_next_dist_f3530cac._.js:2980:54)
    at console.error (file://C:/Users/Ahmad Raza/Desktop/skillstream/.next/dev/static/chunks/node_modules_next_dist_f3530cac._.js:3124:57)
    at getTabsMeta (file://C:/Users/Ahmad Raza/Desktop/skillstream/.next/dev/static/chunks/node_modules_%40mui_material_esm_67532532._.js:7385:33)
    at Tabs.Tabs.useEventCallback[updateIndicatorState] (file://C:/Users/Ahmad Raza/Desktop/skillstream/.next/dev/static/chunks/node_modules_%40mui_material_esm_67532532._.js:7414:43)
    at useEventCallback.useRef (file://C:/Users/Ahmad Raza/Desktop/skillstream/.next/dev/static/chunks/node_modules_4d692093._.js:1691:29)
    at Tabs.Tabs.useEffect.handleResize (file://C:/Users/Ahmad Raza/Desktop/skillstream/.next/dev/static/chunks/node_modules_%40mui_material_esm_67532532._.js:7584:25)
    at later (file://C:/Users/Ahmad Raza/Desktop/skillstream/.next/dev/static/chunks/node_modules_d9b666e8._.js:10314:18)

Next.js version: 16.1.1 (Turbopack)
## Error Type
Console Error

## Error Message
MUI: The `value` provided to the Tabs component is invalid.
None of the Tabs' children match with "all".
You can provide one of the following values: .$all, .$recorded, .$live.


    at createConsoleError (file://C:/Users/Ahmad Raza/Desktop/skillstream/.next/dev/static/chunks/node_modules_next_dist_f3530cac._.js:2199:71)
    at handleConsoleError (file://C:/Users/Ahmad Raza/Desktop/skillstream/.next/dev/static/chunks/node_modules_next_dist_f3530cac._.js:2980:54)
    at console.error (file://C:/Users/Ahmad Raza/Desktop/skillstream/.next/dev/static/chunks/node_modules_next_dist_f3530cac._.js:3124:57)
    at getTabsMeta (file://C:/Users/Ahmad Raza/Desktop/skillstream/.next/dev/static/chunks/node_modules_%40mui_material_esm_67532532._.js:7385:33)
    at Tabs.Tabs.useEventCallback[updateIndicatorState] (file://C:/Users/Ahmad Raza/Desktop/skillstream/.next/dev/static/chunks/node_modules_%40mui_material_esm_67532532._.js:7414:43)
    at useEventCallback.useRef (file://C:/Users/Ahmad Raza/Desktop/skillstream/.next/dev/static/chunks/node_modules_4d692093._.js:1691:29)
    at Tabs.Tabs.useEffect (file://C:/Users/Ahmad Raza/Desktop/skillstream/.next/dev/static/chunks/node_modules_%40mui_material_esm_67532532._.js:7691:13)
    at Object.react_stack_bottom_frame (file://C:/Users/Ahmad Raza/Desktop/skillstream/.next/dev/static/chunks/node_modules_next_dist_compiled_react-dom_1e674e59._.js:14876:22)
    at runWithFiberInDEV (file://C:/Users/Ahmad Raza/Desktop/skillstream/.next/dev/static/chunks/node_modules_next_dist_compiled_react-dom_1e674e59._.js:965:74)
    at commitHookEffectListMount (file://C:/Users/Ahmad Raza/Desktop/skillstream/.next/dev/static/chunks/node_modules_next_dist_compiled_react-dom_1e674e59._.js:7266:167)
    at commitHookPassiveMountEffects (file://C:/Users/Ahmad Raza/Desktop/skillstream/.next/dev/static/chunks/node_modules_next_dist_compiled_react-dom_1e674e59._.js:7301:60)
    at commitPassiveMountOnFiber (file://C:/Users/Ahmad Raza/Desktop/skillstream/.next/dev/static/chunks/node_modules_next_dist_compiled_react-dom_1e674e59._.js:8696:33)
    at recursivelyTraversePassiveMountEffects (file://C:/Users/Ahmad Raza/Desktop/skillstream/.next/dev/static/chunks/node_modules_next_dist_compiled_react-dom_1e674e59._.js:8683:316)
    at commitPassiveMountOnFiber (file://C:/Users/Ahmad Raza/Desktop/skillstream/.next/dev/static/chunks/node_modules_next_dist_compiled_react-dom_1e674e59._.js:8757:17)
    at recursivelyTraversePassiveMountEffects (file://C:/Users/Ahmad Raza/Desktop/skillstream/.next/dev/static/chunks/node_modules_next_dist_compiled_react-dom_1e674e59._.js:8683:316)
    at commitPassiveMountOnFiber (file://C:/Users/Ahmad Raza/Desktop/skillstream/.next/dev/static/chunks/node_modules_next_dist_compiled_react-dom_1e674e59._.js:8695:17)
    at recursivelyTraversePassiveMountEffects (file://C:/Users/Ahmad Raza/Desktop/skillstream/.next/dev/static/chunks/node_modules_next_dist_compiled_react-dom_1e674e59._.js:8683:316)
    at commitPassiveMountOnFiber (file://C:/Users/Ahmad Raza/Desktop/skillstream/.next/dev/static/chunks/node_modules_next_dist_compiled_react-dom_1e674e59._.js:8695:17)
    at recursivelyTraversePassiveMountEffects (file://C:/Users/Ahmad Raza/Desktop/skillstream/.next/dev/static/chunks/node_modules_next_dist_compiled_react-dom_1e674e59._.js:8683:316)
    at commitPassiveMountOnFiber (file://C:/Users/Ahmad Raza/Desktop/skillstream/.next/dev/static/chunks/node_modules_next_dist_compiled_react-dom_1e674e59._.js:8695:17)
    at recursivelyTraversePassiveMountEffects (file://C:/Users/Ahmad Raza/Desktop/skillstream/.next/dev/static/chunks/node_modules_next_dist_compiled_react-dom_1e674e59._.js:8683:316)
    at commitPassiveMountOnFiber (file://C:/Users/Ahmad Raza/Desktop/skillstream/.next/dev/static/chunks/node_modules_next_dist_compiled_react-dom_1e674e59._.js:8757:17)
    at recursivelyTraversePassiveMountEffects (file://C:/Users/Ahmad Raza/Desktop/skillstream/.next/dev/static/chunks/node_modules_next_dist_compiled_react-dom_1e674e59._.js:8683:316)
    at commitPassiveMountOnFiber (file://C:/Users/Ahmad Raza/Desktop/skillstream/.next/dev/static/chunks/node_modules_next_dist_compiled_react-dom_1e674e59._.js:8757:17)
    at recursivelyTraversePassiveMountEffects (file://C:/Users/Ahmad Raza/Desktop/skillstream/.next/dev/static/chunks/node_modules_next_dist_compiled_react-dom_1e674e59._.js:8683:316)
    at commitPassiveMountOnFiber (file://C:/Users/Ahmad Raza/Desktop/skillstream/.next/dev/static/chunks/node_modules_next_dist_compiled_react-dom_1e674e59._.js:8695:17)
    at recursivelyTraversePassiveMountEffects (file://C:/Users/Ahmad Raza/Desktop/skillstream/.next/dev/static/chunks/node_modules_next_dist_compiled_react-dom_1e674e59._.js:8683:316)
    at commitPassiveMountOnFiber (file://C:/Users/Ahmad Raza/Desktop/skillstream/.next/dev/static/chunks/node_modules_next_dist_compiled_react-dom_1e674e59._.js:8695:17)
    at recursivelyTraversePassiveMountEffects (file://C:/Users/Ahmad Raza/Desktop/skillstream/.next/dev/static/chunks/node_modules_next_dist_compiled_react-dom_1e674e59._.js:8683:316)
    at commitPassiveMountOnFiber (file://C:/Users/Ahmad Raza/Desktop/skillstream/.next/dev/static/chunks/node_modules_next_dist_compiled_react-dom_1e674e59._.js:8695:17)
    at recursivelyTraversePassiveMountEffects (file://C:/Users/Ahmad Raza/Desktop/skillstream/.next/dev/static/chunks/node_modules_next_dist_compiled_react-dom_1e674e59._.js:8683:316)
    at commitPassiveMountOnFiber (file://C:/Users/Ahmad Raza/Desktop/skillstream/.next/dev/static/chunks/node_modules_next_dist_compiled_react-dom_1e674e59._.js:8757:17)
    at recursivelyTraversePassiveMountEffects (file://C:/Users/Ahmad Raza/Desktop/skillstream/.next/dev/static/chunks/node_modules_next_dist_compiled_react-dom_1e674e59._.js:8683:316)
    at commitPassiveMountOnFiber (file://C:/Users/Ahmad Raza/Desktop/skillstream/.next/dev/static/chunks/node_modules_next_dist_compiled_react-dom_1e674e59._.js:8757:17)
    at recursivelyTraversePassiveMountEffects (file://C:/Users/Ahmad Raza/Desktop/skillstream/.next/dev/static/chunks/node_modules_next_dist_compiled_react-dom_1e674e59._.js:8683:316)
    at commitPassiveMountOnFiber (file://C:/Users/Ahmad Raza/Desktop/skillstream/.next/dev/static/chunks/node_modules_next_dist_compiled_react-dom_1e674e59._.js:8695:17)
    at recursivelyTraversePassiveMountEffects (file://C:/Users/Ahmad Raza/Desktop/skillstream/.next/dev/static/chunks/node_modules_next_dist_compiled_react-dom_1e674e59._.js:8683:316)
    at commitPassiveMountOnFiber (file://C:/Users/Ahmad Raza/Desktop/skillstream/.next/dev/static/chunks/node_modules_next_dist_compiled_react-dom_1e674e59._.js:8700:17)
    at recursivelyTraversePassiveMountEffects (file://C:/Users/Ahmad Raza/Desktop/skillstream/.next/dev/static/chunks/node_modules_next_dist_compiled_react-dom_1e674e59._.js:8683:316)
    at commitPassiveMountOnFiber (file://C:/Users/Ahmad Raza/Desktop/skillstream/.next/dev/static/chunks/node_modules_next_dist_compiled_react-dom_1e674e59._.js:8695:17)
    at recursivelyTraversePassiveMountEffects (file://C:/Users/Ahmad Raza/Desktop/skillstream/.next/dev/static/chunks/node_modules_next_dist_compiled_react-dom_1e674e59._.js:8683:316)
    at commitPassiveMountOnFiber (file://C:/Users/Ahmad Raza/Desktop/skillstream/.next/dev/static/chunks/node_modules_next_dist_compiled_react-dom_1e674e59._.js:8695:17)
    at recursivelyTraversePassiveMountEffects (file://C:/Users/Ahmad Raza/Desktop/skillstream/.next/dev/static/chunks/node_modules_next_dist_compiled_react-dom_1e674e59._.js:8683:316)
    at commitPassiveMountOnFiber (file://C:/Users/Ahmad Raza/Desktop/skillstream/.next/dev/static/chunks/node_modules_next_dist_compiled_react-dom_1e674e59._.js:8695:17)
    at recursivelyTraversePassiveMountEffects (file://C:/Users/Ahmad Raza/Desktop/skillstream/.next/dev/static/chunks/node_modules_next_dist_compiled_react-dom_1e674e59._.js:8683:316)
    at commitPassiveMountOnFiber (file://C:/Users/Ahmad Raza/Desktop/skillstream/.next/dev/static/chunks/node_modules_next_dist_compiled_react-dom_1e674e59._.js:8695:17)
    at recursivelyTraversePassiveMountEffects (file://C:/Users/Ahmad Raza/Desktop/skillstream/.next/dev/static/chunks/node_modules_next_dist_compiled_react-dom_1e674e59._.js:8683:316)
    at commitPassiveMountOnFiber (file://C:/Users/Ahmad Raza/Desktop/skillstream/.next/dev/static/chunks/node_modules_next_dist_compiled_react-dom_1e674e59._.js:8700:17)
    at recursivelyTraversePassiveMountEffects (file://C:/Users/Ahmad Raza/Desktop/skillstream/.next/dev/static/chunks/node_modules_next_dist_compiled_react-dom_1e674e59._.js:8683:316)
    at commitPassiveMountOnFiber (file://C:/Users/Ahmad Raza/Desktop/skillstream/.next/dev/static/chunks/node_modules_next_dist_compiled_react-dom_1e674e59._.js:8695:17)
    at Tabs (file://C:/Users/Ahmad Raza/Desktop/skillstream/.next/dev/static/chunks/src_46a5434b._.js:246:215)
    at MyCoursesPage (file://C:/Users/Ahmad Raza/Desktop/skillstream/.next/dev/static/chunks/src_368285bd._.js:610:229)
    at ClientPageRoot (file://C:/Users/Ahmad Raza/Desktop/skillstream/.next/dev/static/chunks/node_modules_next_dist_be32b49c._.js:2403:50)

Next.js version: 16.1.1 (Turbopack)
## Error Type
Console Error

## Error Message
MUI: The `value` provided to the Tabs component is invalid.
None of the Tabs' children match with "all".
You can provide one of the following values: .$all, .$recorded, .$live.


    at createConsoleError (file://C:/Users/Ahmad Raza/Desktop/skillstream/.next/dev/static/chunks/node_modules_next_dist_f3530cac._.js:2199:71)
    at handleConsoleError (file://C:/Users/Ahmad Raza/Desktop/skillstream/.next/dev/static/chunks/node_modules_next_dist_f3530cac._.js:2980:54)
    at console.error (file://C:/Users/Ahmad Raza/Desktop/skillstream/.next/dev/static/chunks/node_modules_next_dist_f3530cac._.js:3124:57)
    at getTabsMeta (file://C:/Users/Ahmad Raza/Desktop/skillstream/.next/dev/static/chunks/node_modules_%40mui_material_esm_67532532._.js:7385:33)
    at Tabs.Tabs.useEventCallback[scrollSelectedIntoView] (file://C:/Users/Ahmad Raza/Desktop/skillstream/.next/dev/static/chunks/node_modules_%40mui_material_esm_67532532._.js:7547:43)
    at useEventCallback.useRef (file://C:/Users/Ahmad Raza/Desktop/skillstream/.next/dev/static/chunks/node_modules_4d692093._.js:1691:29)
    at Tabs.Tabs.useEffect (file://C:/Users/Ahmad Raza/Desktop/skillstream/.next/dev/static/chunks/node_modules_%40mui_material_esm_67532532._.js:7697:13)
    at Object.react_stack_bottom_frame (file://C:/Users/Ahmad Raza/Desktop/skillstream/.next/dev/static/chunks/node_modules_next_dist_compiled_react-dom_1e674e59._.js:14876:22)
    at runWithFiberInDEV (file://C:/Users/Ahmad Raza/Desktop/skillstream/.next/dev/static/chunks/node_modules_next_dist_compiled_react-dom_1e674e59._.js:965:74)
    at commitHookEffectListMount (file://C:/Users/Ahmad Raza/Desktop/skillstream/.next/dev/static/chunks/node_modules_next_dist_compiled_react-dom_1e674e59._.js:7266:167)
    at commitHookPassiveMountEffects (file://C:/Users/Ahmad Raza/Desktop/skillstream/.next/dev/static/chunks/node_modules_next_dist_compiled_react-dom_1e674e59._.js:7301:60)
    at commitPassiveMountOnFiber (file://C:/Users/Ahmad Raza/Desktop/skillstream/.next/dev/static/chunks/node_modules_next_dist_compiled_react-dom_1e674e59._.js:8696:33)
    at recursivelyTraversePassiveMountEffects (file://C:/Users/Ahmad Raza/Desktop/skillstream/.next/dev/static/chunks/node_modules_next_dist_compiled_react-dom_1e674e59._.js:8683:316)
    at commitPassiveMountOnFiber (file://C:/Users/Ahmad Raza/Desktop/skillstream/.next/dev/static/chunks/node_modules_next_dist_compiled_react-dom_1e674e59._.js:8757:17)
    at recursivelyTraversePassiveMountEffects (file://C:/Users/Ahmad Raza/Desktop/skillstream/.next/dev/static/chunks/node_modules_next_dist_compiled_react-dom_1e674e59._.js:8683:316)
    at commitPassiveMountOnFiber (file://C:/Users/Ahmad Raza/Desktop/skillstream/.next/dev/static/chunks/node_modules_next_dist_compiled_react-dom_1e674e59._.js:8695:17)
    at recursivelyTraversePassiveMountEffects (file://C:/Users/Ahmad Raza/Desktop/skillstream/.next/dev/static/chunks/node_modules_next_dist_compiled_react-dom_1e674e59._.js:8683:316)
    at commitPassiveMountOnFiber (file://C:/Users/Ahmad Raza/Desktop/skillstream/.next/dev/static/chunks/node_modules_next_dist_compiled_react-dom_1e674e59._.js:8695:17)
    at recursivelyTraversePassiveMountEffects (file://C:/Users/Ahmad Raza/Desktop/skillstream/.next/dev/static/chunks/node_modules_next_dist_compiled_react-dom_1e674e59._.js:8683:316)
    at commitPassiveMountOnFiber (file://C:/Users/Ahmad Raza/Desktop/skillstream/.next/dev/static/chunks/node_modules_next_dist_compiled_react-dom_1e674e59._.js:8695:17)
    at recursivelyTraversePassiveMountEffects (file://C:/Users/Ahmad Raza/Desktop/skillstream/.next/dev/static/chunks/node_modules_next_dist_compiled_react-dom_1e674e59._.js:8683:316)
    at commitPassiveMountOnFiber (file://C:/Users/Ahmad Raza/Desktop/skillstream/.next/dev/static/chunks/node_modules_next_dist_compiled_react-dom_1e674e59._.js:8757:17)
    at recursivelyTraversePassiveMountEffects (file://C:/Users/Ahmad Raza/Desktop/skillstream/.next/dev/static/chunks/node_modules_next_dist_compiled_react-dom_1e674e59._.js:8683:316)
    at commitPassiveMountOnFiber (file://C:/Users/Ahmad Raza/Desktop/skillstream/.next/dev/static/chunks/node_modules_next_dist_compiled_react-dom_1e674e59._.js:8757:17)
    at recursivelyTraversePassiveMountEffects (file://C:/Users/Ahmad Raza/Desktop/skillstream/.next/dev/static/chunks/node_modules_next_dist_compiled_react-dom_1e674e59._.js:8683:316)
    at commitPassiveMountOnFiber (file://C:/Users/Ahmad Raza/Desktop/skillstream/.next/dev/static/chunks/node_modules_next_dist_compiled_react-dom_1e674e59._.js:8695:17)
    at recursivelyTraversePassiveMountEffects (file://C:/Users/Ahmad Raza/Desktop/skillstream/.next/dev/static/chunks/node_modules_next_dist_compiled_react-dom_1e674e59._.js:8683:316)
    at commitPassiveMountOnFiber (file://C:/Users/Ahmad Raza/Desktop/skillstream/.next/dev/static/chunks/node_modules_next_dist_compiled_react-dom_1e674e59._.js:8695:17)
    at recursivelyTraversePassiveMountEffects (file://C:/Users/Ahmad Raza/Desktop/skillstream/.next/dev/static/chunks/node_modules_next_dist_compiled_react-dom_1e674e59._.js:8683:316)
    at commitPassiveMountOnFiber (file://C:/Users/Ahmad Raza/Desktop/skillstream/.next/dev/static/chunks/node_modules_next_dist_compiled_react-dom_1e674e59._.js:8695:17)
    at recursivelyTraversePassiveMountEffects (file://C:/Users/Ahmad Raza/Desktop/skillstream/.next/dev/static/chunks/node_modules_next_dist_compiled_react-dom_1e674e59._.js:8683:316)
    at commitPassiveMountOnFiber (file://C:/Users/Ahmad Raza/Desktop/skillstream/.next/dev/static/chunks/node_modules_next_dist_compiled_react-dom_1e674e59._.js:8757:17)
    at recursivelyTraversePassiveMountEffects (file://C:/Users/Ahmad Raza/Desktop/skillstream/.next/dev/static/chunks/node_modules_next_dist_compiled_react-dom_1e674e59._.js:8683:316)
    at commitPassiveMountOnFiber (file://C:/Users/Ahmad Raza/Desktop/skillstream/.next/dev/static/chunks/node_modules_next_dist_compiled_react-dom_1e674e59._.js:8757:17)
    at recursivelyTraversePassiveMountEffects (file://C:/Users/Ahmad Raza/Desktop/skillstream/.next/dev/static/chunks/node_modules_next_dist_compiled_react-dom_1e674e59._.js:8683:316)
    at commitPassiveMountOnFiber (file://C:/Users/Ahmad Raza/Desktop/skillstream/.next/dev/static/chunks/node_modules_next_dist_compiled_react-dom_1e674e59._.js:8695:17)
    at recursivelyTraversePassiveMountEffects (file://C:/Users/Ahmad Raza/Desktop/skillstream/.next/dev/static/chunks/node_modules_next_dist_compiled_react-dom_1e674e59._.js:8683:316)
    at commitPassiveMountOnFiber (file://C:/Users/Ahmad Raza/Desktop/skillstream/.next/dev/static/chunks/node_modules_next_dist_compiled_react-dom_1e674e59._.js:8700:17)
    at recursivelyTraversePassiveMountEffects (file://C:/Users/Ahmad Raza/Desktop/skillstream/.next/dev/static/chunks/node_modules_next_dist_compiled_react-dom_1e674e59._.js:8683:316)
    at commitPassiveMountOnFiber (file://C:/Users/Ahmad Raza/Desktop/skillstream/.next/dev/static/chunks/node_modules_next_dist_compiled_react-dom_1e674e59._.js:8695:17)
    at recursivelyTraversePassiveMountEffects (file://C:/Users/Ahmad Raza/Desktop/skillstream/.next/dev/static/chunks/node_modules_next_dist_compiled_react-dom_1e674e59._.js:8683:316)
    at commitPassiveMountOnFiber (file://C:/Users/Ahmad Raza/Desktop/skillstream/.next/dev/static/chunks/node_modules_next_dist_compiled_react-dom_1e674e59._.js:8695:17)
    at recursivelyTraversePassiveMountEffects (file://C:/Users/Ahmad Raza/Desktop/skillstream/.next/dev/static/chunks/node_modules_next_dist_compiled_react-dom_1e674e59._.js:8683:316)
    at commitPassiveMountOnFiber (file://C:/Users/Ahmad Raza/Desktop/skillstream/.next/dev/static/chunks/node_modules_next_dist_compiled_react-dom_1e674e59._.js:8695:17)
    at recursivelyTraversePassiveMountEffects (file://C:/Users/Ahmad Raza/Desktop/skillstream/.next/dev/static/chunks/node_modules_next_dist_compiled_react-dom_1e674e59._.js:8683:316)
    at commitPassiveMountOnFiber (file://C:/Users/Ahmad Raza/Desktop/skillstream/.next/dev/static/chunks/node_modules_next_dist_compiled_react-dom_1e674e59._.js:8695:17)
    at recursivelyTraversePassiveMountEffects (file://C:/Users/Ahmad Raza/Desktop/skillstream/.next/dev/static/chunks/node_modules_next_dist_compiled_react-dom_1e674e59._.js:8683:316)
    at commitPassiveMountOnFiber (file://C:/Users/Ahmad Raza/Desktop/skillstream/.next/dev/static/chunks/node_modules_next_dist_compiled_react-dom_1e674e59._.js:8700:17)
    at recursivelyTraversePassiveMountEffects (file://C:/Users/Ahmad Raza/Desktop/skillstream/.next/dev/static/chunks/node_modules_next_dist_compiled_react-dom_1e674e59._.js:8683:316)
    at commitPassiveMountOnFiber (file://C:/Users/Ahmad Raza/Desktop/skillstream/.next/dev/static/chunks/node_modules_next_dist_compiled_react-dom_1e674e59._.js:8695:17)
    at Tabs (file://C:/Users/Ahmad Raza/Desktop/skillstream/.next/dev/static/chunks/src_46a5434b._.js:246:215)
    at MyCoursesPage (file://C:/Users/Ahmad Raza/Desktop/skillstream/.next/dev/static/chunks/src_368285bd._.js:610:229)
    at ClientPageRoot (file://C:/Users/Ahmad Raza/Desktop/skillstream/.next/dev/static/chunks/node_modules_next_dist_be32b49c._.js:2403:50)

Next.js version: 16.1.1 (Turbopack)
## Error Type
Console Error

## Error Message
MUI: The `value` provided to the Tabs component is invalid.
None of the Tabs' children match with "all".
You can provide one of the following values: .$all, .$recorded, .$live.


    at createConsoleError (file://C:/Users/Ahmad Raza/Desktop/skillstream/.next/dev/static/chunks/node_modules_next_dist_f3530cac._.js:2199:71)
    at handleConsoleError (file://C:/Users/Ahmad Raza/Desktop/skillstream/.next/dev/static/chunks/node_modules_next_dist_f3530cac._.js:2980:54)
    at console.error (file://C:/Users/Ahmad Raza/Desktop/skillstream/.next/dev/static/chunks/node_modules_next_dist_f3530cac._.js:3124:57)
    at getTabsMeta (file://C:/Users/Ahmad Raza/Desktop/skillstream/.next/dev/static/chunks/node_modules_%40mui_material_esm_67532532._.js:7385:33)
    at Tabs.Tabs.useEventCallback[updateIndicatorState] (file://C:/Users/Ahmad Raza/Desktop/skillstream/.next/dev/static/chunks/node_modules_%40mui_material_esm_67532532._.js:7414:43)
    at useEventCallback.useRef (file://C:/Users/Ahmad Raza/Desktop/skillstream/.next/dev/static/chunks/node_modules_4d692093._.js:1691:29)
    at Tabs.Tabs.useEffect.handleResize (file://C:/Users/Ahmad Raza/Desktop/skillstream/.next/dev/static/chunks/node_modules_%40mui_material_esm_67532532._.js:7584:25)
    at later (file://C:/Users/Ahmad Raza/Desktop/skillstream/.next/dev/static/chunks/node_modules_d9b666e8._.js:10314:18)

Next.js version: 16.1.1 (Turbopack)
## Error Type
Console Error

## Error Message
MUI: The `value` provided to the Tabs component is invalid.
None of the Tabs' children match with "upcoming".
You can provide one of the following values: .$upcoming, .$past.


    at createConsoleError (file://C:/Users/Ahmad Raza/Desktop/skillstream/.next/dev/static/chunks/node_modules_next_dist_f3530cac._.js:2199:71)
    at handleConsoleError (file://C:/Users/Ahmad Raza/Desktop/skillstream/.next/dev/static/chunks/node_modules_next_dist_f3530cac._.js:2980:54)
    at console.error (file://C:/Users/Ahmad Raza/Desktop/skillstream/.next/dev/static/chunks/node_modules_next_dist_f3530cac._.js:3124:57)
    at getTabsMeta (file://C:/Users/Ahmad Raza/Desktop/skillstream/.next/dev/static/chunks/node_modules_%40mui_material_esm_67532532._.js:7385:33)
    at Tabs.Tabs.useEventCallback[updateIndicatorState] (file://C:/Users/Ahmad Raza/Desktop/skillstream/.next/dev/static/chunks/node_modules_%40mui_material_esm_67532532._.js:7414:43)
    at useEventCallback.useRef (file://C:/Users/Ahmad Raza/Desktop/skillstream/.next/dev/static/chunks/node_modules_4d692093._.js:1691:29)
    at Tabs.Tabs.useEffect (file://C:/Users/Ahmad Raza/Desktop/skillstream/.next/dev/static/chunks/node_modules_%40mui_material_esm_67532532._.js:7691:13)
    at Object.react_stack_bottom_frame (file://C:/Users/Ahmad Raza/Desktop/skillstream/.next/dev/static/chunks/node_modules_next_dist_compiled_react-dom_1e674e59._.js:14876:22)
    at runWithFiberInDEV (file://C:/Users/Ahmad Raza/Desktop/skillstream/.next/dev/static/chunks/node_modules_next_dist_compiled_react-dom_1e674e59._.js:965:74)
    at commitHookEffectListMount (file://C:/Users/Ahmad Raza/Desktop/skillstream/.next/dev/static/chunks/node_modules_next_dist_compiled_react-dom_1e674e59._.js:7266:167)
    at commitHookPassiveMountEffects (file://C:/Users/Ahmad Raza/Desktop/skillstream/.next/dev/static/chunks/node_modules_next_dist_compiled_react-dom_1e674e59._.js:7301:60)
    at commitPassiveMountOnFiber (file://C:/Users/Ahmad Raza/Desktop/skillstream/.next/dev/static/chunks/node_modules_next_dist_compiled_react-dom_1e674e59._.js:8696:33)
    at recursivelyTraversePassiveMountEffects (file://C:/Users/Ahmad Raza/Desktop/skillstream/.next/dev/static/chunks/node_modules_next_dist_compiled_react-dom_1e674e59._.js:8683:316)
    at commitPassiveMountOnFiber (file://C:/Users/Ahmad Raza/Desktop/skillstream/.next/dev/static/chunks/node_modules_next_dist_compiled_react-dom_1e674e59._.js:8757:17)
    at recursivelyTraversePassiveMountEffects (file://C:/Users/Ahmad Raza/Desktop/skillstream/.next/dev/static/chunks/node_modules_next_dist_compiled_react-dom_1e674e59._.js:8683:316)
    at commitPassiveMountOnFiber (file://C:/Users/Ahmad Raza/Desktop/skillstream/.next/dev/static/chunks/node_modules_next_dist_compiled_react-dom_1e674e59._.js:8695:17)
    at recursivelyTraversePassiveMountEffects (file://C:/Users/Ahmad Raza/Desktop/skillstream/.next/dev/static/chunks/node_modules_next_dist_compiled_react-dom_1e674e59._.js:8683:316)
    at commitPassiveMountOnFiber (file://C:/Users/Ahmad Raza/Desktop/skillstream/.next/dev/static/chunks/node_modules_next_dist_compiled_react-dom_1e674e59._.js:8695:17)
    at recursivelyTraversePassiveMountEffects (file://C:/Users/Ahmad Raza/Desktop/skillstream/.next/dev/static/chunks/node_modules_next_dist_compiled_react-dom_1e674e59._.js:8683:316)
    at commitPassiveMountOnFiber (file://C:/Users/Ahmad Raza/Desktop/skillstream/.next/dev/static/chunks/node_modules_next_dist_compiled_react-dom_1e674e59._.js:8695:17)
    at recursivelyTraversePassiveMountEffects (file://C:/Users/Ahmad Raza/Desktop/skillstream/.next/dev/static/chunks/node_modules_next_dist_compiled_react-dom_1e674e59._.js:8683:316)
    at commitPassiveMountOnFiber (file://C:/Users/Ahmad Raza/Desktop/skillstream/.next/dev/static/chunks/node_modules_next_dist_compiled_react-dom_1e674e59._.js:8757:17)
    at recursivelyTraversePassiveMountEffects (file://C:/Users/Ahmad Raza/Desktop/skillstream/.next/dev/static/chunks/node_modules_next_dist_compiled_react-dom_1e674e59._.js:8683:316)
    at commitPassiveMountOnFiber (file://C:/Users/Ahmad Raza/Desktop/skillstream/.next/dev/static/chunks/node_modules_next_dist_compiled_react-dom_1e674e59._.js:8757:17)
    at recursivelyTraversePassiveMountEffects (file://C:/Users/Ahmad Raza/Desktop/skillstream/.next/dev/static/chunks/node_modules_next_dist_compiled_react-dom_1e674e59._.js:8683:316)
    at commitPassiveMountOnFiber (file://C:/Users/Ahmad Raza/Desktop/skillstream/.next/dev/static/chunks/node_modules_next_dist_compiled_react-dom_1e674e59._.js:8695:17)
    at recursivelyTraversePassiveMountEffects (file://C:/Users/Ahmad Raza/Desktop/skillstream/.next/dev/static/chunks/node_modules_next_dist_compiled_react-dom_1e674e59._.js:8683:316)
    at commitPassiveMountOnFiber (file://C:/Users/Ahmad Raza/Desktop/skillstream/.next/dev/static/chunks/node_modules_next_dist_compiled_react-dom_1e674e59._.js:8695:17)
    at recursivelyTraversePassiveMountEffects (file://C:/Users/Ahmad Raza/Desktop/skillstream/.next/dev/static/chunks/node_modules_next_dist_compiled_react-dom_1e674e59._.js:8683:316)
    at commitPassiveMountOnFiber (file://C:/Users/Ahmad Raza/Desktop/skillstream/.next/dev/static/chunks/node_modules_next_dist_compiled_react-dom_1e674e59._.js:8695:17)
    at recursivelyTraversePassiveMountEffects (file://C:/Users/Ahmad Raza/Desktop/skillstream/.next/dev/static/chunks/node_modules_next_dist_compiled_react-dom_1e674e59._.js:8683:316)
    at commitPassiveMountOnFiber (file://C:/Users/Ahmad Raza/Desktop/skillstream/.next/dev/static/chunks/node_modules_next_dist_compiled_react-dom_1e674e59._.js:8757:17)
    at recursivelyTraversePassiveMountEffects (file://C:/Users/Ahmad Raza/Desktop/skillstream/.next/dev/static/chunks/node_modules_next_dist_compiled_react-dom_1e674e59._.js:8683:316)
    at commitPassiveMountOnFiber (file://C:/Users/Ahmad Raza/Desktop/skillstream/.next/dev/static/chunks/node_modules_next_dist_compiled_react-dom_1e674e59._.js:8757:17)
    at recursivelyTraversePassiveMountEffects (file://C:/Users/Ahmad Raza/Desktop/skillstream/.next/dev/static/chunks/node_modules_next_dist_compiled_react-dom_1e674e59._.js:8683:316)
    at commitPassiveMountOnFiber (file://C:/Users/Ahmad Raza/Desktop/skillstream/.next/dev/static/chunks/node_modules_next_dist_compiled_react-dom_1e674e59._.js:8695:17)
    at recursivelyTraversePassiveMountEffects (file://C:/Users/Ahmad Raza/Desktop/skillstream/.next/dev/static/chunks/node_modules_next_dist_compiled_react-dom_1e674e59._.js:8683:316)
    at commitPassiveMountOnFiber (file://C:/Users/Ahmad Raza/Desktop/skillstream/.next/dev/static/chunks/node_modules_next_dist_compiled_react-dom_1e674e59._.js:8700:17)
    at recursivelyTraversePassiveMountEffects (file://C:/Users/Ahmad Raza/Desktop/skillstream/.next/dev/static/chunks/node_modules_next_dist_compiled_react-dom_1e674e59._.js:8683:316)
    at commitPassiveMountOnFiber (file://C:/Users/Ahmad Raza/Desktop/skillstream/.next/dev/static/chunks/node_modules_next_dist_compiled_react-dom_1e674e59._.js:8695:17)
    at recursivelyTraversePassiveMountEffects (file://C:/Users/Ahmad Raza/Desktop/skillstream/.next/dev/static/chunks/node_modules_next_dist_compiled_react-dom_1e674e59._.js:8683:316)
    at commitPassiveMountOnFiber (file://C:/Users/Ahmad Raza/Desktop/skillstream/.next/dev/static/chunks/node_modules_next_dist_compiled_react-dom_1e674e59._.js:8695:17)
    at recursivelyTraversePassiveMountEffects (file://C:/Users/Ahmad Raza/Desktop/skillstream/.next/dev/static/chunks/node_modules_next_dist_compiled_react-dom_1e674e59._.js:8683:316)
    at commitPassiveMountOnFiber (file://C:/Users/Ahmad Raza/Desktop/skillstream/.next/dev/static/chunks/node_modules_next_dist_compiled_react-dom_1e674e59._.js:8695:17)
    at recursivelyTraversePassiveMountEffects (file://C:/Users/Ahmad Raza/Desktop/skillstream/.next/dev/static/chunks/node_modules_next_dist_compiled_react-dom_1e674e59._.js:8683:316)
    at commitPassiveMountOnFiber (file://C:/Users/Ahmad Raza/Desktop/skillstream/.next/dev/static/chunks/node_modules_next_dist_compiled_react-dom_1e674e59._.js:8695:17)
    at recursivelyTraversePassiveMountEffects (file://C:/Users/Ahmad Raza/Desktop/skillstream/.next/dev/static/chunks/node_modules_next_dist_compiled_react-dom_1e674e59._.js:8683:316)
    at commitPassiveMountOnFiber (file://C:/Users/Ahmad Raza/Desktop/skillstream/.next/dev/static/chunks/node_modules_next_dist_compiled_react-dom_1e674e59._.js:8700:17)
    at recursivelyTraversePassiveMountEffects (file://C:/Users/Ahmad Raza/Desktop/skillstream/.next/dev/static/chunks/node_modules_next_dist_compiled_react-dom_1e674e59._.js:8683:316)
    at commitPassiveMountOnFiber (file://C:/Users/Ahmad Raza/Desktop/skillstream/.next/dev/static/chunks/node_modules_next_dist_compiled_react-dom_1e674e59._.js:8695:17)
    at Tabs (file://C:/Users/Ahmad Raza/Desktop/skillstream/.next/dev/static/chunks/src_46a5434b._.js:246:215)
    at LiveSessionsPage (file://C:/Users/Ahmad Raza/Desktop/skillstream/.next/dev/static/chunks/src_e13ca38e._.js:490:229)
    at ClientPageRoot (file://C:/Users/Ahmad Raza/Desktop/skillstream/.next/dev/static/chunks/node_modules_next_dist_be32b49c._.js:2403:50)

Next.js version: 16.1.1 (Turbopack)
## Error Type
Console Error

## Error Message
MUI: The `value` provided to the Tabs component is invalid.
None of the Tabs' children match with "upcoming".
You can provide one of the following values: .$upcoming, .$past.


    at createConsoleError (file://C:/Users/Ahmad Raza/Desktop/skillstream/.next/dev/static/chunks/node_modules_next_dist_f3530cac._.js:2199:71)
    at handleConsoleError (file://C:/Users/Ahmad Raza/Desktop/skillstream/.next/dev/static/chunks/node_modules_next_dist_f3530cac._.js:2980:54)
    at console.error (file://C:/Users/Ahmad Raza/Desktop/skillstream/.next/dev/static/chunks/node_modules_next_dist_f3530cac._.js:3124:57)
    at getTabsMeta (file://C:/Users/Ahmad Raza/Desktop/skillstream/.next/dev/static/chunks/node_modules_%40mui_material_esm_67532532._.js:7385:33)
    at Tabs.Tabs.useEventCallback[scrollSelectedIntoView] (file://C:/Users/Ahmad Raza/Desktop/skillstream/.next/dev/static/chunks/node_modules_%40mui_material_esm_67532532._.js:7547:43)
    at useEventCallback.useRef (file://C:/Users/Ahmad Raza/Desktop/skillstream/.next/dev/static/chunks/node_modules_4d692093._.js:1691:29)
    at Tabs.Tabs.useEffect (file://C:/Users/Ahmad Raza/Desktop/skillstream/.next/dev/static/chunks/node_modules_%40mui_material_esm_67532532._.js:7697:13)
    at Object.react_stack_bottom_frame (file://C:/Users/Ahmad Raza/Desktop/skillstream/.next/dev/static/chunks/node_modules_next_dist_compiled_react-dom_1e674e59._.js:14876:22)
    at runWithFiberInDEV (file://C:/Users/Ahmad Raza/Desktop/skillstream/.next/dev/static/chunks/node_modules_next_dist_compiled_react-dom_1e674e59._.js:965:74)
    at commitHookEffectListMount (file://C:/Users/Ahmad Raza/Desktop/skillstream/.next/dev/static/chunks/node_modules_next_dist_compiled_react-dom_1e674e59._.js:7266:167)
    at commitHookPassiveMountEffects (file://C:/Users/Ahmad Raza/Desktop/skillstream/.next/dev/static/chunks/node_modules_next_dist_compiled_react-dom_1e674e59._.js:7301:60)
    at commitPassiveMountOnFiber (file://C:/Users/Ahmad Raza/Desktop/skillstream/.next/dev/static/chunks/node_modules_next_dist_compiled_react-dom_1e674e59._.js:8696:33)
    at recursivelyTraversePassiveMountEffects (file://C:/Users/Ahmad Raza/Desktop/skillstream/.next/dev/static/chunks/node_modules_next_dist_compiled_react-dom_1e674e59._.js:8683:316)
    at commitPassiveMountOnFiber (file://C:/Users/Ahmad Raza/Desktop/skillstream/.next/dev/static/chunks/node_modules_next_dist_compiled_react-dom_1e674e59._.js:8757:17)
    at recursivelyTraversePassiveMountEffects (file://C:/Users/Ahmad Raza/Desktop/skillstream/.next/dev/static/chunks/node_modules_next_dist_compiled_react-dom_1e674e59._.js:8683:316)
    at commitPassiveMountOnFiber (file://C:/Users/Ahmad Raza/Desktop/skillstream/.next/dev/static/chunks/node_modules_next_dist_compiled_react-dom_1e674e59._.js:8695:17)
    at recursivelyTraversePassiveMountEffects (file://C:/Users/Ahmad Raza/Desktop/skillstream/.next/dev/static/chunks/node_modules_next_dist_compiled_react-dom_1e674e59._.js:8683:316)
    at commitPassiveMountOnFiber (file://C:/Users/Ahmad Raza/Desktop/skillstream/.next/dev/static/chunks/node_modules_next_dist_compiled_react-dom_1e674e59._.js:8695:17)
    at recursivelyTraversePassiveMountEffects (file://C:/Users/Ahmad Raza/Desktop/skillstream/.next/dev/static/chunks/node_modules_next_dist_compiled_react-dom_1e674e59._.js:8683:316)
    at commitPassiveMountOnFiber (file://C:/Users/Ahmad Raza/Desktop/skillstream/.next/dev/static/chunks/node_modules_next_dist_compiled_react-dom_1e674e59._.js:8695:17)
    at recursivelyTraversePassiveMountEffects (file://C:/Users/Ahmad Raza/Desktop/skillstream/.next/dev/static/chunks/node_modules_next_dist_compiled_react-dom_1e674e59._.js:8683:316)
    at commitPassiveMountOnFiber (file://C:/Users/Ahmad Raza/Desktop/skillstream/.next/dev/static/chunks/node_modules_next_dist_compiled_react-dom_1e674e59._.js:8757:17)
    at recursivelyTraversePassiveMountEffects (file://C:/Users/Ahmad Raza/Desktop/skillstream/.next/dev/static/chunks/node_modules_next_dist_compiled_react-dom_1e674e59._.js:8683:316)
    at commitPassiveMountOnFiber (file://C:/Users/Ahmad Raza/Desktop/skillstream/.next/dev/static/chunks/node_modules_next_dist_compiled_react-dom_1e674e59._.js:8757:17)
    at recursivelyTraversePassiveMountEffects (file://C:/Users/Ahmad Raza/Desktop/skillstream/.next/dev/static/chunks/node_modules_next_dist_compiled_react-dom_1e674e59._.js:8683:316)
    at commitPassiveMountOnFiber (file://C:/Users/Ahmad Raza/Desktop/skillstream/.next/dev/static/chunks/node_modules_next_dist_compiled_react-dom_1e674e59._.js:8695:17)
    at recursivelyTraversePassiveMountEffects (file://C:/Users/Ahmad Raza/Desktop/skillstream/.next/dev/static/chunks/node_modules_next_dist_compiled_react-dom_1e674e59._.js:8683:316)
    at commitPassiveMountOnFiber (file://C:/Users/Ahmad Raza/Desktop/skillstream/.next/dev/static/chunks/node_modules_next_dist_compiled_react-dom_1e674e59._.js:8695:17)
    at recursivelyTraversePassiveMountEffects (file://C:/Users/Ahmad Raza/Desktop/skillstream/.next/dev/static/chunks/node_modules_next_dist_compiled_react-dom_1e674e59._.js:8683:316)
    at commitPassiveMountOnFiber (file://C:/Users/Ahmad Raza/Desktop/skillstream/.next/dev/static/chunks/node_modules_next_dist_compiled_react-dom_1e674e59._.js:8695:17)
    at recursivelyTraversePassiveMountEffects (file://C:/Users/Ahmad Raza/Desktop/skillstream/.next/dev/static/chunks/node_modules_next_dist_compiled_react-dom_1e674e59._.js:8683:316)
    at commitPassiveMountOnFiber (file://C:/Users/Ahmad Raza/Desktop/skillstream/.next/dev/static/chunks/node_modules_next_dist_compiled_react-dom_1e674e59._.js:8757:17)
    at recursivelyTraversePassiveMountEffects (file://C:/Users/Ahmad Raza/Desktop/skillstream/.next/dev/static/chunks/node_modules_next_dist_compiled_react-dom_1e674e59._.js:8683:316)
    at commitPassiveMountOnFiber (file://C:/Users/Ahmad Raza/Desktop/skillstream/.next/dev/static/chunks/node_modules_next_dist_compiled_react-dom_1e674e59._.js:8757:17)
    at recursivelyTraversePassiveMountEffects (file://C:/Users/Ahmad Raza/Desktop/skillstream/.next/dev/static/chunks/node_modules_next_dist_compiled_react-dom_1e674e59._.js:8683:316)
    at commitPassiveMountOnFiber (file://C:/Users/Ahmad Raza/Desktop/skillstream/.next/dev/static/chunks/node_modules_next_dist_compiled_react-dom_1e674e59._.js:8695:17)
    at recursivelyTraversePassiveMountEffects (file://C:/Users/Ahmad Raza/Desktop/skillstream/.next/dev/static/chunks/node_modules_next_dist_compiled_react-dom_1e674e59._.js:8683:316)
    at commitPassiveMountOnFiber (file://C:/Users/Ahmad Raza/Desktop/skillstream/.next/dev/static/chunks/node_modules_next_dist_compiled_react-dom_1e674e59._.js:8700:17)
    at recursivelyTraversePassiveMountEffects (file://C:/Users/Ahmad Raza/Desktop/skillstream/.next/dev/static/chunks/node_modules_next_dist_compiled_react-dom_1e674e59._.js:8683:316)
    at commitPassiveMountOnFiber (file://C:/Users/Ahmad Raza/Desktop/skillstream/.next/dev/static/chunks/node_modules_next_dist_compiled_react-dom_1e674e59._.js:8695:17)
    at recursivelyTraversePassiveMountEffects (file://C:/Users/Ahmad Raza/Desktop/skillstream/.next/dev/static/chunks/node_modules_next_dist_compiled_react-dom_1e674e59._.js:8683:316)
    at commitPassiveMountOnFiber (file://C:/Users/Ahmad Raza/Desktop/skillstream/.next/dev/static/chunks/node_modules_next_dist_compiled_react-dom_1e674e59._.js:8695:17)
    at recursivelyTraversePassiveMountEffects (file://C:/Users/Ahmad Raza/Desktop/skillstream/.next/dev/static/chunks/node_modules_next_dist_compiled_react-dom_1e674e59._.js:8683:316)
    at commitPassiveMountOnFiber (file://C:/Users/Ahmad Raza/Desktop/skillstream/.next/dev/static/chunks/node_modules_next_dist_compiled_react-dom_1e674e59._.js:8695:17)
    at recursivelyTraversePassiveMountEffects (file://C:/Users/Ahmad Raza/Desktop/skillstream/.next/dev/static/chunks/node_modules_next_dist_compiled_react-dom_1e674e59._.js:8683:316)
    at commitPassiveMountOnFiber (file://C:/Users/Ahmad Raza/Desktop/skillstream/.next/dev/static/chunks/node_modules_next_dist_compiled_react-dom_1e674e59._.js:8695:17)
    at recursivelyTraversePassiveMountEffects (file://C:/Users/Ahmad Raza/Desktop/skillstream/.next/dev/static/chunks/node_modules_next_dist_compiled_react-dom_1e674e59._.js:8683:316)
    at commitPassiveMountOnFiber (file://C:/Users/Ahmad Raza/Desktop/skillstream/.next/dev/static/chunks/node_modules_next_dist_compiled_react-dom_1e674e59._.js:8700:17)
    at recursivelyTraversePassiveMountEffects (file://C:/Users/Ahmad Raza/Desktop/skillstream/.next/dev/static/chunks/node_modules_next_dist_compiled_react-dom_1e674e59._.js:8683:316)
    at commitPassiveMountOnFiber (file://C:/Users/Ahmad Raza/Desktop/skillstream/.next/dev/static/chunks/node_modules_next_dist_compiled_react-dom_1e674e59._.js:8695:17)
    at Tabs (file://C:/Users/Ahmad Raza/Desktop/skillstream/.next/dev/static/chunks/src_46a5434b._.js:246:215)
    at LiveSessionsPage (file://C:/Users/Ahmad Raza/Desktop/skillstream/.next/dev/static/chunks/src_e13ca38e._.js:490:229)
    at ClientPageRoot (file://C:/Users/Ahmad Raza/Desktop/skillstream/.next/dev/static/chunks/node_modules_next_dist_be32b49c._.js:2403:50)

Next.js version: 16.1.1 (Turbopack)
## Error Type
Console Error

## Error Message
MUI: The `value` provided to the Tabs component is invalid.
None of the Tabs' children match with "upcoming".
You can provide one of the following values: .$upcoming, .$past.


    at createConsoleError (file://C:/Users/Ahmad Raza/Desktop/skillstream/.next/dev/static/chunks/node_modules_next_dist_f3530cac._.js:2199:71)
    at handleConsoleError (file://C:/Users/Ahmad Raza/Desktop/skillstream/.next/dev/static/chunks/node_modules_next_dist_f3530cac._.js:2980:54)
    at console.error (file://C:/Users/Ahmad Raza/Desktop/skillstream/.next/dev/static/chunks/node_modules_next_dist_f3530cac._.js:3124:57)
    at getTabsMeta (file://C:/Users/Ahmad Raza/Desktop/skillstream/.next/dev/static/chunks/node_modules_%40mui_material_esm_67532532._.js:7385:33)
    at Tabs.Tabs.useEventCallback[updateIndicatorState] (file://C:/Users/Ahmad Raza/Desktop/skillstream/.next/dev/static/chunks/node_modules_%40mui_material_esm_67532532._.js:7414:43)
    at useEventCallback.useRef (file://C:/Users/Ahmad Raza/Desktop/skillstream/.next/dev/static/chunks/node_modules_4d692093._.js:1691:29)
    at Tabs.Tabs.useEffect.handleResize (file://C:/Users/Ahmad Raza/Desktop/skillstream/.next/dev/static/chunks/node_modules_%40mui_material_esm_67532532._.js:7584:25)
    at later (file://C:/Users/Ahmad Raza/Desktop/skillstream/.next/dev/static/chunks/node_modules_d9b666e8._.js:10314:18)

Next.js version: 16.1.1 (Turbopack)
