src/app/(dashboard)/dashboard/certificates/page.tsx(7,5): error TS2305: Module '"@/components/ui/Card"' has no exported member 'Button'.
src/app/(dashboard)/dashboard/certificates/page.tsx(86,29): error TS2322: Type '"solid"' is not assignable to type '"shadow" | "text" | "flat" | "outlined" | "contained" | "ghost" | "bordered" | "light" | undefined'.
src/app/(main)/courses/live/[slug]/page.tsx(315,73): error TS2322: Type '"danger"' is not assignable to type 'OverridableStringUnion<"inherit" | "primary" | "secondary" | "success" | "error" | "info" | "warning", ButtonPropsColorOverrides> | undefined'.
src/components/courses/LiveSessionCard.tsx(99,25): error TS2322: Type '"default"' is not assignable to type 'OverridableStringUnion<"inherit" | "primary" | "secondary" | "success" | "error" | "info" | "warning", ButtonPropsColorOverrides> | undefined'.
src/components/ui/Tabs.tsx(50,51): error TS18046: 'child.props' is of type 'unknown'.
src/components/ui/Tabs.tsx(55,36): error TS18046: 'child.props' is of type 'unknown'.
src/components/ui/Tabs.tsx(56,35): error TS18046: 'child.props' is of type 'unknown'.
src/components/ui/Tabs.tsx(68,47): error TS18046: 'child.props' is of type 'unknown'.
src/components/ui/Tabs.tsx(73,26): error TS18046: 'child.props' is of type 'unknown'.
